Microchip MPLAB XC8 Compiler V1.36 ()

Linker command line:

-W-3 --edf=/Applications/microchip/xc8/v1.36/dat/en_msgs.txt -cs \
  -h+dist/default/production/powerspy.X.production.sym \
  --cmf=dist/default/production/powerspy.X.production.cmf -z -Q16F1827 \
  -o/tmp/xcZGf4bRM -Mdist/default/production/powerspy.X.production.map -E1 \
  -ver=XC8 -ASTACK=0202Dh-0216fh -pstack=STACK -ACODE=00h-07FFhx2 \
  -ASTRCODE=00h-0FFFh -ASTRING=00h-0FFhx16 -ACONST=00h-0FFhx16 \
  -AENTRY=00h-0FFhx16 -ACOMMON=070h-07Fh -ABANK0=020h-06Fh \
  -ABANK1=0A0h-0EFh -ABANK2=0120h-016Fh -ABANK3=01A0h-01EFh \
  -ABANK4=0220h-024Fh -ABIGRAM=02000h-0216Fh \
  -ARAM=020h-06Fh,0A0h-0EFh,0120h-016Fh,01A0h-01EFh,0220h-024Fh \
  -AABS1=020h-07Fh,0A0h-0EFh,0120h-016Fh,01A0h-01EFh,0220h-024Fh \
  -ASFR0=00h-01Fh -ASFR1=080h-09Fh -ASFR2=0100h-011Fh -ASFR3=0180h-019Fh \
  -ASFR4=0200h-021Fh -ASFR5=0280h-02EFh -ASFR6=0300h-036Fh \
  -ASFR7=0380h-03EFh -ASFR8=0400h-046Fh -ASFR9=0480h-04EFh \
  -ASFR10=0500h-056Fh -ASFR11=0580h-05EFh -ASFR12=0600h-066Fh \
  -ASFR13=0680h-06EFh -ASFR14=0700h-076Fh -ASFR15=0780h-07EFh \
  -ASFR16=0800h-086Fh -ASFR17=0880h-08EFh -ASFR18=0900h-096Fh \
  -ASFR19=0980h-09EFh -ASFR20=0A00h-0A6Fh -ASFR21=0A80h-0AEFh \
  -ASFR22=0B00h-0B6Fh -ASFR23=0B80h-0BEFh -ASFR24=0C00h-0C6Fh \
  -ASFR25=0C80h-0CEFh -ASFR26=0D00h-0D6Fh -ASFR27=0D80h-0DEFh \
  -ASFR28=0E00h-0E6Fh -ASFR29=0E80h-0EEFh -ASFR30=0F00h-0F6Fh \
  -ASFR31=0F80h-0FEFh -preset_vec=00h,intentry=04h,init,end_init \
  -ppowerup=CODE -pcinit=CODE -pfunctab=CODE -ACONFIG=08007h-08008h \
  -pconfig=CONFIG -DCONFIG=2 -AIDLOC=08000h-08003h -pidloc=IDLOC -DIDLOC=2 \
  -AEEDATA=00h-0FFh/0F000h -peeprom_data=EEDATA -DEEDATA=2 -DCODE=2 \
  -DSTRCODE=2 -DSTRING=2 -DCONST=2 -DENTRY=2 -k /tmp/xco3Y6Ev0.obj \
  dist/default/production/powerspy.X.production.obj 

Object code version is 3.11

Machine type is 16F1827



                Name                               Link     Load   Length Selector   Space Scale
/tmp/xco3Y6Ev0.obj
                end_init                             77       77        2        8       0
                reset_vec                             0        0        2        0       0
                config                             8007     8007        2    1000E       0
dist/default/production/powerspy.X.production.obj
                cinit                                79       79       1B        8       0
                intentry                              4        4       73        8       0
                text13                              109      109       5E        8       0
                text11                              2C2      2C2       12        8       0
                text10                              26F      26F       17        8       0
                text9                               252      252       1D        8       0
                text8                               2AF      2AF       13        8       0
                text7                               2F2      2F2        8      5C8       0
                text6                               1B7      1B7       41        8       0
                text5                               286      286       16        8       0
                text4                               1F8      1F8       37        8       0
                text3                               167      167       50        8       0
                text2                               29C      29C       13        8       0
                text1                               22F      22F       23        8       0
                maintext                             94       94       75        8       0
                cstackBANK0                          20       20       13       20       1
                cstackCOMMON                         70       70        E       70       1
                inittext                            2FA      2FA        6      5C8       0
                dataBANK0                            33       33        E       20       1
                bssBANK0                             41       41        C       20       1
                stringtext                          2D4      2D4       10      5A8       0
                idataBANK0                          2E4      2E4        E      5C8       0

TOTAL           Name                               Link     Load   Length     Space
        CLASS   STACK          

        CLASS   CODE           
                end_init                             77       77        2         0
                cinit                                79       79       1B         0
                intentry                              4        4       73         0
                reset_vec                             0        0        2         0
                text13                              109      109       5E         0
                text11                              2C2      2C2       12         0
                text10                              26F      26F       17         0
                text9                               252      252       1D         0
                text8                               2AF      2AF       13         0
                text7                               2F2      2F2        8         0
                text6                               1B7      1B7       41         0
                text5                               286      286       16         0
                text4                               1F8      1F8       37         0
                text3                               167      167       50         0
                text2                               29C      29C       13         0
                text1                               22F      22F       23         0
                maintext                             94       94       75         0
                inittext                            2FA      2FA        6         0
                idataBANK0                          2E4      2E4        E         0

        CLASS   STRCODE        
                stringtext                          2D4      2D4       10         0

        CLASS   STRING         

        CLASS   CONST          

        CLASS   ENTRY          

        CLASS   COMMON         
                cstackCOMMON                         70       70        E         1

        CLASS   BANK0          
                cstackBANK0                          20       20       13         1
                dataBANK0                            33       33        E         1
                bssBANK0                             41       41        C         1

        CLASS   BANK1          

        CLASS   BANK2          

        CLASS   BANK3          

        CLASS   BANK4          

        CLASS   BIGRAM         

        CLASS   RAM            

        CLASS   ABS1           
                abs_s1                               7E       7E        2         1

        CLASS   SFR0           

        CLASS   SFR1           

        CLASS   SFR2           

        CLASS   SFR3           

        CLASS   SFR4           

        CLASS   SFR5           

        CLASS   SFR6           

        CLASS   SFR7           

        CLASS   SFR8           

        CLASS   SFR9           

        CLASS   SFR10          

        CLASS   SFR11          

        CLASS   SFR12          

        CLASS   SFR13          

        CLASS   SFR14          

        CLASS   SFR15          

        CLASS   SFR16          

        CLASS   SFR17          

        CLASS   SFR18          

        CLASS   SFR19          

        CLASS   SFR20          

        CLASS   SFR21          

        CLASS   SFR22          

        CLASS   SFR23          

        CLASS   SFR24          

        CLASS   SFR25          

        CLASS   SFR26          

        CLASS   SFR27          

        CLASS   SFR28          

        CLASS   SFR29          

        CLASS   SFR30          

        CLASS   SFR31          

        CLASS   CONFIG         
                config                             8007     8007        2         0

        CLASS   IDLOC          

        CLASS   EEDATA         

        CLASS   BANK31         

        CLASS   BANK30         

        CLASS   BANK29         

        CLASS   BANK28         

        CLASS   BANK27         

        CLASS   BANK26         

        CLASS   BANK25         

        CLASS   BANK24         

        CLASS   BANK23         

        CLASS   BANK22         

        CLASS   BANK21         

        CLASS   BANK20         

        CLASS   BANK19         

        CLASS   BANK18         

        CLASS   BANK17         

        CLASS   BANK16         

        CLASS   BANK15         

        CLASS   BANK14         

        CLASS   BANK13         

        CLASS   BANK12         

        CLASS   BANK11         

        CLASS   BANK10         

        CLASS   BANK9          

        CLASS   BANK8          

        CLASS   BANK7          

        CLASS   BANK6          

        CLASS   BANK5          



SEGMENTS        Name                           Load    Length   Top    Selector   Space  Class     Delta

                reset_vec                      000000  000002  000002         0       0  CODE        2
                intentry                       000004  0002D0  0002D4         8       0  CODE        2
                cstackBANK0                    000020  00002D  00004D        20       1  BANK0       1
                cstackCOMMON                   000070  00000E  00007E        70       1  COMMON      1
                stringtext                     0002D4  000010  0002E4       5A8       0  STRCODE     2
                idataBANK0                     0002E4  00001C  000300       5C8       0  CODE        2
                config                         008007  000002  008009     1000E       0  CONFIG      2


UNUSED ADDRESS RANGES

        Name                Unused          Largest block    Delta
        BANK0            0004D-0006F              23           1
        BANK1            000A0-000EF              50           1
        BANK2            00120-0016F              50           1
        BANK3            001A0-001EF              50           1
        BANK4            00220-0024F              30           1
        BIGRAM           02000-0216F             170           1
        CODE             00002-00003               2           2
                         00300-00FFF             500
        CONST            00002-00003               2           2
                         00300-00FFF             100
        EEDATA           0F000-0F0FF             100           2
        ENTRY            00002-00003               2           2
                         00300-00FFF             100
        IDLOC            08000-08003               4           2
        RAM              0004D-0006F              23           1
                         000A0-000EF              50
                         00120-0016F              50
                         001A0-001EF              50
                         00220-0024F              30
        SFR0             00000-0001F              20           1
        SFR1             00080-0009F              20           1
        SFR10            00500-0056F              70           1
        SFR11            00580-005EF              70           1
        SFR12            00600-0066F              70           1
        SFR13            00680-006EF              70           1
        SFR14            00700-0076F              70           1
        SFR15            00780-007EF              70           1
        SFR16            00800-0086F              70           1
        SFR17            00880-008EF              70           1
        SFR18            00900-0096F              70           1
        SFR19            00980-009EF              70           1
        SFR2             00100-0011F              20           1
        SFR20            00A00-00A6F              70           1
        SFR21            00A80-00AEF              70           1
        SFR22            00B00-00B6F              70           1
        SFR23            00B80-00BEF              70           1
        SFR24            00C00-00C6F              70           1
        SFR25            00C80-00CEF              70           1
        SFR26            00D00-00D6F              70           1
        SFR27            00D80-00DEF              70           1
        SFR28            00E00-00E6F              70           1
        SFR29            00E80-00EEF              70           1
        SFR3             00180-0019F              20           1
        SFR30            00F00-00F6F              70           1
        SFR31            00F80-00FEF              70           1
        SFR4             00200-0021F              20           1
        SFR5             00280-002EF              70           1
        SFR6             00300-0036F              70           1
        SFR7             00380-003EF              70           1
        SFR8             00400-0046F              70           1
        SFR9             00480-004EF              70           1
        STACK            0202D-0216F             143           1
        STRCODE          00002-00003               2           2
                         00300-00FFF             D00
        STRING           00002-00003               2           2
                         00300-00FFF             100

                                  Symbol Table

_ADCS0                   (abs)        004F4
_ADCS1                   (abs)        004F5
_ADCS2                   (abs)        004F6
_ADFM                    (abs)        004F7
_ADNREF                  (abs)        004F2
_ADON                    (abs)        004E8
_ADPREF0                 (abs)        004F0
_ADPREF1                 (abs)        004F1
_ADRESH                  (abs)        0009C
_ANSELA                  (abs)        0018C
_ANSELB                  (abs)        0018D
_BRG16                   (abs)        00CFB
_BRGH                    (abs)        00CF2
_C1IE                    (abs)        00495
_C1IF                    (abs)        00095
_C1INTP                  (abs)        00897
_C1NCH0                  (abs)        00890
_C1NCH1                  (abs)        00891
_C1ON                    (abs)        0088F
_C1PCH0                  (abs)        00894
_C1PCH1                  (abs)        00895
_C1TSEL0                 (abs)        014F0
_C1TSEL1                 (abs)        014F1
_C2IE                    (abs)        00496
_C2IF                    (abs)        00096
_C2INTP                  (abs)        008A7
_C2NCH0                  (abs)        008A0
_C2NCH1                  (abs)        008A1
_C2ON                    (abs)        0089F
_C2PCH0                  (abs)        008A4
_C2PCH1                  (abs)        008A5
_CCP1CON                 (abs)        00293
_CCP1SEL                 (abs)        008E8
_CCPR1L                  (abs)        00291
_CDAFVR0                 (abs)        008BA
_CDAFVR1                 (abs)        008BB
_CHS0                    (abs)        004EA
_CHS1                    (abs)        004EB
_CHS2                    (abs)        004EC
_CHS3                    (abs)        004ED
_CHS4                    (abs)        004EE
_CREN                    (abs)        00CEC
_DC1B0                   (abs)        0149C
_DC1B1                   (abs)        0149D
_FVREN                   (abs)        008BF
_FVRRDY                  (abs)        008BE
_GIE                     (abs)        0005F
_GO_nDONE                (abs)        004E9
_IRCF0                   (abs)        004CB
_IRCF1                   (abs)        004CC
_IRCF2                   (abs)        004CD
_IRCF3                   (abs)        004CE
_ISR                     intentry     00004
_PEIE                    (abs)        0005E
_PORTA                   (abs)        0000C
_PORTB                   (abs)        0000D
_PR2                     (abs)        0001B
_RA3                     (abs)        00063
_RA4                     (abs)        00064
_RA6                     (abs)        00066
_RA7                     (abs)        00067
_RCIE                    (abs)        0048D
_RCIF                    (abs)        0008D
_RCREG                   (abs)        00199
_RXDTSEL                 (abs)        008EF
_SCS0                    (abs)        004C8
_SCS1                    (abs)        004C9
_SPBRG                   (abs)        0019B
_SPEN                    (abs)        00CEF
_SPLLEN                  (abs)        004CF
_SYNC                    (abs)        00CF4
_T1CKPS0                 (abs)        000C4
_T1CKPS1                 (abs)        000C5
_T2CKPS0                 (abs)        000E0
_T2CKPS1                 (abs)        000E1
_T2OUTPS0                (abs)        000E3
_T2OUTPS1                (abs)        000E4
_T2OUTPS2                (abs)        000E5
_T2OUTPS3                (abs)        000E6
_T4CKPS0                 (abs)        020B8
_T4CKPS1                 (abs)        020B9
_TMR1CS0                 (abs)        000C6
_TMR1CS1                 (abs)        000C7
_TMR1H                   (abs)        00017
_TMR1IE                  (abs)        00488
_TMR1IF                  (abs)        00088
_TMR1L                   (abs)        00016
_TMR1ON                  (abs)        000C0
_TMR2IE                  (abs)        00489
_TMR2IF                  (abs)        00089
_TMR2ON                  (abs)        000E2
_TMR4IF                  (abs)        00099
_TMR4ON                  (abs)        020BA
_TRISA                   (abs)        0008C
_TRISB                   (abs)        0008D
_TRISBbits               (abs)        0008D
_TRMT                    (abs)        00CF1
_TXCKSEL                 (abs)        008F0
_TXEN                    (abs)        00CF5
_TXREG                   (abs)        0019A
_WPUB                    (abs)        0020D
__CFG_BOREN$OFF          (abs)        00000
__CFG_BORV$LO            (abs)        00000
__CFG_CLKOUTEN$OFF       (abs)        00000
__CFG_CP$OFF             (abs)        00000
__CFG_CPD$OFF            (abs)        00000
__CFG_FCMEN$OFF          (abs)        00000
__CFG_FOSC$INTOSC        (abs)        00000
__CFG_IESO$OFF           (abs)        00000
__CFG_LVP$OFF            (abs)        00000
__CFG_MCLRE$ON           (abs)        00000
__CFG_PLLEN$ON           (abs)        00000
__CFG_PWRTE$OFF          (abs)        00000
__CFG_STVREN$OFF         (abs)        00000
__CFG_WDTE$OFF           (abs)        00000
__CFG_WRT$OFF            (abs)        00000
__Habs1                  abs1         00000
__Hbank0                 bank0        00000
__Hbank1                 bank1        00000
__Hbank10                bank10       00000
__Hbank11                bank11       00000
__Hbank12                bank12       00000
__Hbank13                bank13       00000
__Hbank14                bank14       00000
__Hbank15                bank15       00000
__Hbank16                bank16       00000
__Hbank17                bank17       00000
__Hbank18                bank18       00000
__Hbank19                bank19       00000
__Hbank2                 bank2        00000
__Hbank20                bank20       00000
__Hbank21                bank21       00000
__Hbank22                bank22       00000
__Hbank23                bank23       00000
__Hbank24                bank24       00000
__Hbank25                bank25       00000
__Hbank26                bank26       00000
__Hbank27                bank27       00000
__Hbank28                bank28       00000
__Hbank29                bank29       00000
__Hbank3                 bank3        00000
__Hbank30                bank30       00000
__Hbank31                bank31       00000
__Hbank4                 bank4        00000
__Hbank5                 bank5        00000
__Hbank6                 bank6        00000
__Hbank7                 bank7        00000
__Hbank8                 bank8        00000
__Hbank9                 bank9        00000
__Hbigram                bigram       00000
__HbssBANK0              bssBANK0     00000
__Hcinit                 cinit        00094
__Hclrtext               clrtext      00000
__Hcode                  code         00000
__Hcommon                common       00000
__Hconfig                config       08009
__HcstackBANK0           cstackBANK0  00000
__HcstackCOMMON          cstackCOMMON 00000
__HdataBANK0             dataBANK0    00000
__Heeprom_data           eeprom_data  00000
__Hend_init              end_init     00079
__Hfunctab               functab      00000
__HidataBANK0            idataBANK0   00000
__Hidloc                 idloc        00000
__Hinit                  init         00077
__Hinittext              inittext     00000
__Hintentry              intentry     00077
__Hmaintext              maintext     00000
__Hpowerup               powerup      00000
__Hram                   ram          00000
__Hreset_vec             reset_vec    00002
__Hsfr0                  sfr0         00000
__Hsfr1                  sfr1         00000
__Hsfr10                 sfr10        00000
__Hsfr11                 sfr11        00000
__Hsfr12                 sfr12        00000
__Hsfr13                 sfr13        00000
__Hsfr14                 sfr14        00000
__Hsfr15                 sfr15        00000
__Hsfr16                 sfr16        00000
__Hsfr17                 sfr17        00000
__Hsfr18                 sfr18        00000
__Hsfr19                 sfr19        00000
__Hsfr2                  sfr2         00000
__Hsfr20                 sfr20        00000
__Hsfr21                 sfr21        00000
__Hsfr22                 sfr22        00000
__Hsfr23                 sfr23        00000
__Hsfr24                 sfr24        00000
__Hsfr25                 sfr25        00000
__Hsfr26                 sfr26        00000
__Hsfr27                 sfr27        00000
__Hsfr28                 sfr28        00000
__Hsfr29                 sfr29        00000
__Hsfr3                  sfr3         00000
__Hsfr30                 sfr30        00000
__Hsfr31                 sfr31        00000
__Hsfr4                  sfr4         00000
__Hsfr5                  sfr5         00000
__Hsfr6                  sfr6         00000
__Hsfr7                  sfr7         00000
__Hsfr8                  sfr8         00000
__Hsfr9                  sfr9         00000
__Hspace_0               (abs)        08009
__Hspace_1               (abs)        0007E
__Hspace_2               (abs)        00000
__Hspace_3               (abs)        00000
__Hstack                 stack        00000
__Hstrings               strings      00000
__Hstringtext            stringtext   00000
__Htext                  text         00000
__Labs1                  abs1         00000
__Lbank0                 bank0        00000
__Lbank1                 bank1        00000
__Lbank10                bank10       00000
__Lbank11                bank11       00000
__Lbank12                bank12       00000
__Lbank13                bank13       00000
__Lbank14                bank14       00000
__Lbank15                bank15       00000
__Lbank16                bank16       00000
__Lbank17                bank17       00000
__Lbank18                bank18       00000
__Lbank19                bank19       00000
__Lbank2                 bank2        00000
__Lbank20                bank20       00000
__Lbank21                bank21       00000
__Lbank22                bank22       00000
__Lbank23                bank23       00000
__Lbank24                bank24       00000
__Lbank25                bank25       00000
__Lbank26                bank26       00000
__Lbank27                bank27       00000
__Lbank28                bank28       00000
__Lbank29                bank29       00000
__Lbank3                 bank3        00000
__Lbank30                bank30       00000
__Lbank31                bank31       00000
__Lbank4                 bank4        00000
__Lbank5                 bank5        00000
__Lbank6                 bank6        00000
__Lbank7                 bank7        00000
__Lbank8                 bank8        00000
__Lbank9                 bank9        00000
__Lbigram                bigram       00000
__LbssBANK0              bssBANK0     00000
__Lcinit                 cinit        00079
__Lclrtext               clrtext      00000
__Lcode                  code         00000
__Lcommon                common       00000
__Lconfig                config       08007
__LcstackBANK0           cstackBANK0  00000
__LcstackCOMMON          cstackCOMMON 00000
__LdataBANK0             dataBANK0    00000
__Leeprom_data           eeprom_data  00000
__Lend_init              end_init     00077
__Lfunctab               functab      00000
__LidataBANK0            idataBANK0   00000
__Lidloc                 idloc        00000
__Linit                  init         00077
__Linittext              inittext     00000
__Lintentry              intentry     00004
__Lmaintext              maintext     00000
__Lpowerup               powerup      00000
__Lram                   ram          00000
__Lreset_vec             reset_vec    00000
__Lsfr0                  sfr0         00000
__Lsfr1                  sfr1         00000
__Lsfr10                 sfr10        00000
__Lsfr11                 sfr11        00000
__Lsfr12                 sfr12        00000
__Lsfr13                 sfr13        00000
__Lsfr14                 sfr14        00000
__Lsfr15                 sfr15        00000
__Lsfr16                 sfr16        00000
__Lsfr17                 sfr17        00000
__Lsfr18                 sfr18        00000
__Lsfr19                 sfr19        00000
__Lsfr2                  sfr2         00000
__Lsfr20                 sfr20        00000
__Lsfr21                 sfr21        00000
__Lsfr22                 sfr22        00000
__Lsfr23                 sfr23        00000
__Lsfr24                 sfr24        00000
__Lsfr25                 sfr25        00000
__Lsfr26                 sfr26        00000
__Lsfr27                 sfr27        00000
__Lsfr28                 sfr28        00000
__Lsfr29                 sfr29        00000
__Lsfr3                  sfr3         00000
__Lsfr30                 sfr30        00000
__Lsfr31                 sfr31        00000
__Lsfr4                  sfr4         00000
__Lsfr5                  sfr5         00000
__Lsfr6                  sfr6         00000
__Lsfr7                  sfr7         00000
__Lsfr8                  sfr8         00000
__Lsfr9                  sfr9         00000
__Lspace_0               (abs)        00000
__Lspace_1               (abs)        00000
__Lspace_2               (abs)        00000
__Lspace_3               (abs)        00000
__Lstack                 stack        00000
__Lstrings               strings      00000
__Lstringtext            stringtext   00000
__Ltext                  text         00000
__S0                     (abs)        08009
__S1                     (abs)        0007E
__S2                     (abs)        00000
__S3                     (abs)        00000
___int_sp                stack        00000
___latbits               (abs)        00001
___sp                    stack        00000
__end_of_ISR             intentry     00077
__end_of__initialization cinit        00090
__end_of_charAvailable   text11       002D4
__end_of_deltaT          text13       00167
__end_of_get_shift_byte  stringtext   002DE
__end_of_initBT          text10       00286
__end_of_initPins        text9        0026F
__end_of_main            maintext     00109
__end_of_readNext        text8        002C2
__end_of_sendChar        text7        002FA
__end_of_sendFloat       text6        001F8
__end_of_sendInt16       text5        0029C
__end_of_sendInt24       text4        0022F
__end_of_sendInt32       text3        001B7
__end_of_sendInt8        text2        002AF
__end_of_sendString      text1        00252
__initialization         cinit        00079
__pbssBANK0              bssBANK0     00041
__pcstackBANK0           cstackBANK0  00020
__pcstackCOMMON          cstackCOMMON 00070
__pdataBANK0             dataBANK0    00033
__pidataBANK0            idataBANK0   002E4
__pintentry              intentry     00004
__pmaintext              maintext     00094
__pstringtext            stringtext   002D4
__ptext1                 text1        0022F
__ptext10                text10       0026F
__ptext11                text11       002C2
__ptext13                text13       00109
__ptext2                 text2        0029C
__ptext3                 text3        00167
__ptext4                 text4        001F8
__ptext5                 text5        00286
__ptext6                 text6        001B7
__ptext7                 text7        002F2
__ptext8                 text8        002AF
__ptext9                 text9        00252
__size_of_ISR            (abs)        00000
__size_of_charAvailable  (abs)        00000
__size_of_deltaT         (abs)        00000
__size_of_initBT         (abs)        00000
__size_of_initPins       (abs)        00000
__size_of_main           (abs)        00000
__size_of_readNext       (abs)        00000
__size_of_sendChar       (abs)        00000
__size_of_sendFloat      (abs)        00000
__size_of_sendInt16      (abs)        00000
__size_of_sendInt24      (abs)        00000
__size_of_sendInt32      (abs)        00000
__size_of_sendInt8       (abs)        00000
__size_of_sendString     (abs)        00000
_buffpos                 bssBANK0     0004B
_charAvailable           text11       002C2
_curr_time               dataBANK0    00038
_deltaT                  text13       00109
_delta_t                 dataBANK0    0003B
_initBT                  text10       0026F
_initPins                text9        00252
_led_rest                bssBANK0     00049
_main                    maintext     00094
_nWPUEN                  (abs)        004AF
_readNext                text8        002AF
_readpos                 bssBANK0     0004C
_receive_buff            bssBANK0     00041
_sendChar                text7        002F2
_sendFloat               text6        001B7
_sendInt16               text5        00286
_sendInt24               text4        001F8
_sendInt32               text3        00167
_sendInt8                text2        0029C
_sendString              text1        0022F
_volt_time               dataBANK0    0003E
btemp                    (abs)        0007E
deltaT@tm_high           cstackCOMMON 00073
deltaT@tm_low            cstackCOMMON 00070
end_of_initialization    cinit        00090
init_ram                 inittext     002FA
int$flags                (abs)        0007E
intlevel0                functab      00000
intlevel1                functab      00000
intlevel2                functab      00000
intlevel3                functab      00000
intlevel4                functab      00000
intlevel5                functab      00000
ltemp                    (abs)        0007E
ltemp0                   (abs)        0007E
ltemp1                   (abs)        00082
ltemp2                   (abs)        00086
ltemp3                   (abs)        00080
main@F2917               dataBANK0    00033
main@cmd                 cstackBANK0  00032
main@err                 cstackBANK0  0002D
readNext@ret             cstackBANK0  00021
reset_vec                reset_vec    00000
sendChar@c               cstackBANK0  00020
sendFloat@f              cstackBANK0  00021
sendFloat@ptr            cstackBANK0  00027
sendInt16@i              cstackBANK0  00021
sendInt24@i              cstackBANK0  00021
sendInt32@i              cstackBANK0  00021
sendInt8@i               cstackBANK0  00021
sendString@val           cstackBANK0  00021
stackhi                  (abs)        0216F
stacklo                  (abs)        0202D
start                    init         00077
start_initialization     cinit        00079
ttemp                    (abs)        0007E
ttemp0                   (abs)        0007E
ttemp1                   (abs)        00081
ttemp2                   (abs)        00084
ttemp3                   (abs)        00087
ttemp4                   (abs)        0007F
wtemp                    (abs)        0007E
wtemp0                   (abs)        0007E
wtemp1                   (abs)        00080
wtemp2                   (abs)        00082
wtemp3                   (abs)        00084
wtemp4                   (abs)        00086
wtemp5                   (abs)        00088
wtemp6                   (abs)        0007F


FUNCTION INFORMATION:

 *************** function _main *****************
 Defined at:
		line 588 in file "powerspy.c"
 Parameters:    Size  Location     Type
		None
 Auto vars:     Size  Location     Type
  err             5   13[BANK0 ] unsigned char [5]
  cmd             1   18[BANK0 ] unsigned char 
 Return value:  Size  Location     Type
                  1    wreg      void 
 Registers used:
		wreg, fsr0l, fsr0h, fsr1l, fsr1h, status,2, status,0, pclath, cstack
 Tracked objects:
		On entry : 
		On exit  : 
		Unchanged: 
 Data sizes:     COMMON   BANK0   BANK1   BANK2   BANK3   BANK4
      Params:         0       0       0       0       0       0
      Locals:         0       6       0       0       0       0
      Temps:          0       3       0       0       0       0
      Totals:         0       9       0       0       0       0
Total ram usage:        9 bytes
 Hardware stack levels required when called:    4
 This function calls:
		_charAvailable
		_initBT
		_initPins
		_readNext
		_sendFloat
		_sendInt16
		_sendInt24
		_sendInt32
		_sendInt8
		_sendString
 This function is called by:
		Startup code after reset
 This function uses a non-reentrant model


 *************** function _sendString *****************
 Defined at:
		line 79 in file "message.c"
 Parameters:    Size  Location     Type
  val             2    1[BANK0 ] PTR const unsigned char 
		 -> STR_1(6), 
 Auto vars:     Size  Location     Type
		None
 Return value:  Size  Location     Type
                  1    wreg      void 
 Registers used:
		wreg, fsr0l, fsr0h, status,2, status,0, pclath, cstack
 Tracked objects:
		On entry : 
		On exit  : 
		Unchanged: 
 Data sizes:     COMMON   BANK0   BANK1   BANK2   BANK3   BANK4
      Params:         0       2       0       0       0       0
      Locals:         0       0       0       0       0       0
      Temps:          0       1       0       0       0       0
      Totals:         0       3       0       0       0       0
Total ram usage:        3 bytes
 Hardware stack levels used:    1
 Hardware stack levels required when called:    3
 This function calls:
		_sendChar
 This function is called by:
		_main
 This function uses a non-reentrant model


 *************** function _sendInt8 *****************
 Defined at:
		line 36 in file "message.c"
 Parameters:    Size  Location     Type
  i               1    wreg     char 
 Auto vars:     Size  Location     Type
  i               1    1[BANK0 ] char 
 Return value:  Size  Location     Type
                  1    wreg      void 
 Registers used:
		wreg, status,2, status,0, pclath, cstack
 Tracked objects:
		On entry : 
		On exit  : 
		Unchanged: 
 Data sizes:     COMMON   BANK0   BANK1   BANK2   BANK3   BANK4
      Params:         0       0       0       0       0       0
      Locals:         0       1       0       0       0       0
      Temps:          0       0       0       0       0       0
      Totals:         0       1       0       0       0       0
Total ram usage:        1 bytes
 Hardware stack levels used:    1
 Hardware stack levels required when called:    3
 This function calls:
		_sendChar
 This function is called by:
		_main
 This function uses a non-reentrant model


 *************** function _sendInt32 *****************
 Defined at:
		line 59 in file "message.c"
 Parameters:    Size  Location     Type
  i               4    1[BANK0 ] long 
 Auto vars:     Size  Location     Type
		None
 Return value:  Size  Location     Type
                  1    wreg      void 
 Registers used:
		wreg, status,2, status,0, pclath, cstack
 Tracked objects:
		On entry : 
		On exit  : 
		Unchanged: 
 Data sizes:     COMMON   BANK0   BANK1   BANK2   BANK3   BANK4
      Params:         0       4       0       0       0       0
      Locals:         0       0       0       0       0       0
      Temps:          0       5       0       0       0       0
      Totals:         0       9       0       0       0       0
Total ram usage:        9 bytes
 Hardware stack levels used:    1
 Hardware stack levels required when called:    3
 This function calls:
		_sendChar
 This function is called by:
		_main
 This function uses a non-reentrant model


 *************** function _sendInt24 *****************
 Defined at:
		line 50 in file "message.c"
 Parameters:    Size  Location     Type
  i               3    1[BANK0 ] m
 Auto vars:     Size  Location     Type
		None
 Return value:  Size  Location     Type
                  1    wreg      void 
 Registers used:
		wreg, status,2, status,0, pclath, cstack
 Tracked objects:
		On entry : 
		On exit  : 
		Unchanged: 
 Data sizes:     COMMON   BANK0   BANK1   BANK2   BANK3   BANK4
      Params:         0       3       0       0       0       0
      Locals:         0       0       0       0       0       0
      Temps:          0       4       0       0       0       0
      Totals:         0       7       0       0       0       0
Total ram usage:        7 bytes
 Hardware stack levels used:    1
 Hardware stack levels required when called:    3
 This function calls:
		_sendChar
 This function is called by:
		_main
 This function uses a non-reentrant model


 *************** function _sendInt16 *****************
 Defined at:
		line 42 in file "message.c"
 Parameters:    Size  Location     Type
  i               2    1[BANK0 ] short 
 Auto vars:     Size  Location     Type
		None
 Return value:  Size  Location     Type
                  1    wreg      void 
 Registers used:
		wreg, status,2, status,0, pclath, cstack
 Tracked objects:
		On entry : 
		On exit  : 
		Unchanged: 
 Data sizes:     COMMON   BANK0   BANK1   BANK2   BANK3   BANK4
      Params:         0       2       0       0       0       0
      Locals:         0       0       0       0       0       0
      Temps:          0       0       0       0       0       0
      Totals:         0       2       0       0       0       0
Total ram usage:        2 bytes
 Hardware stack levels used:    1
 Hardware stack levels required when called:    3
 This function calls:
		_sendChar
 This function is called by:
		_main
 This function uses a non-reentrant model


 *************** function _sendFloat *****************
 Defined at:
		line 69 in file "message.c"
 Parameters:    Size  Location     Type
  f               3    1[BANK0 ] float 
 Auto vars:     Size  Location     Type
  ptr             1    7[BANK0 ] PTR unsigned um
		 -> sendFloat@f(3), 
 Return value:  Size  Location     Type
                  1    wreg      void 
 Registers used:
		wreg, fsr1l, fsr1h, status,2, status,0, pclath, cstack
 Tracked objects:
		On entry : 
		On exit  : 
		Unchanged: 
 Data sizes:     COMMON   BANK0   BANK1   BANK2   BANK3   BANK4
      Params:         0       3       0       0       0       0
      Locals:         0       1       0       0       0       0
      Temps:          0       3       0       0       0       0
      Totals:         0       7       0       0       0       0
Total ram usage:        7 bytes
 Hardware stack levels used:    1
 Hardware stack levels required when called:    3
 This function calls:
		_sendChar
 This function is called by:
		_main
 This function uses a non-reentrant model


 *************** function _sendChar *****************
 Defined at:
		line 31 in file "message.c"
 Parameters:    Size  Location     Type
  c               1    wreg     unsigned char 
 Auto vars:     Size  Location     Type
  c               1    0[BANK0 ] unsigned char 
 Return value:  Size  Location     Type
                  1    wreg      void 
 Registers used:
		wreg
 Tracked objects:
		On entry : 
		On exit  : 
		Unchanged: 
 Data sizes:     COMMON   BANK0   BANK1   BANK2   BANK3   BANK4
      Params:         0       0       0       0       0       0
      Locals:         0       1       0       0       0       0
      Temps:          0       0       0       0       0       0
      Totals:         0       1       0       0       0       0
Total ram usage:        1 bytes
 Hardware stack levels used:    1
 Hardware stack levels required when called:    2
 This function calls:
		Nothing
 This function is called by:
		_sendInt8
		_sendInt16
		_sendInt24
		_sendInt32
		_sendFloat
		_sendString
 This function uses a non-reentrant model


 *************** function _readNext *****************
 Defined at:
		line 24 in file "message.c"
 Parameters:    Size  Location     Type
		None
 Auto vars:     Size  Location     Type
  ret             1    1[BANK0 ] unsigned char 
 Return value:  Size  Location     Type
                  1    wreg      unsigned char 
 Registers used:
		wreg, fsr1l, fsr1h, status,2, status,0
 Tracked objects:
		On entry : 
		On exit  : 
		Unchanged: 
 Data sizes:     COMMON   BANK0   BANK1   BANK2   BANK3   BANK4
      Params:         0       0       0       0       0       0
      Locals:         0       1       0       0       0       0
      Temps:          0       1       0       0       0       0
      Totals:         0       2       0       0       0       0
Total ram usage:        2 bytes
 Hardware stack levels used:    1
 Hardware stack levels required when called:    2
 This function calls:
		Nothing
 This function is called by:
		_main
 This function uses a non-reentrant model


 *************** function _initPins *****************
 Defined at:
		line 49 in file "powerspy.c"
 Parameters:    Size  Location     Type
		None
 Auto vars:     Size  Location     Type
		None
 Return value:  Size  Location     Type
                  1    wreg      void 
 Registers used:
		wreg, status,2
 Tracked objects:
		On entry : 
		On exit  : 
		Unchanged: 
 Data sizes:     COMMON   BANK0   BANK1   BANK2   BANK3   BANK4
      Params:         0       0       0       0       0       0
      Locals:         0       0       0       0       0       0
      Temps:          0       0       0       0       0       0
      Totals:         0       0       0       0       0       0
Total ram usage:        0 bytes
 Hardware stack levels used:    1
 Hardware stack levels required when called:    2
 This function calls:
		Nothing
 This function is called by:
		_main
 This function uses a non-reentrant model


 *************** function _initBT *****************
 Defined at:
		line 315 in file "powerspy.c"
 Parameters:    Size  Location     Type
		None
 Auto vars:     Size  Location     Type
		None
 Return value:  Size  Location     Type
                  1    wreg      void 
 Registers used:
		wreg
 Tracked objects:
		On entry : 
		On exit  : 
		Unchanged: 
 Data sizes:     COMMON   BANK0   BANK1   BANK2   BANK3   BANK4
      Params:         0       0       0       0       0       0
      Locals:         0       0       0       0       0       0
      Temps:          0       0       0       0       0       0
      Totals:         0       0       0       0       0       0
Total ram usage:        0 bytes
 Hardware stack levels used:    1
 Hardware stack levels required when called:    2
 This function calls:
		Nothing
 This function is called by:
		_main
 This function uses a non-reentrant model


 *************** function _charAvailable *****************
 Defined at:
		line 17 in file "message.c"
 Parameters:    Size  Location     Type
		None
 Auto vars:     Size  Location     Type
		None
 Return value:  Size  Location     Type
                  1    wreg      char 
 Registers used:
		wreg, status,2, status,0
 Tracked objects:
		On entry : 
		On exit  : 
		Unchanged: 
 Data sizes:     COMMON   BANK0   BANK1   BANK2   BANK3   BANK4
      Params:         0       0       0       0       0       0
      Locals:         0       0       0       0       0       0
      Temps:          0       1       0       0       0       0
      Totals:         0       1       0       0       0       0
Total ram usage:        1 bytes
 Hardware stack levels used:    1
 Hardware stack levels required when called:    2
 This function calls:
		Nothing
 This function is called by:
		_main
 This function uses a non-reentrant model


 *************** function _ISR *****************
 Defined at:
		line 547 in file "powerspy.c"
 Parameters:    Size  Location     Type
		None
 Auto vars:     Size  Location     Type
		None
 Return value:  Size  Location     Type
                  1    wreg      void 
 Registers used:
		wreg, fsr1l, fsr1h, status,2, status,0, pclath, cstack
 Tracked objects:
		On entry : 
		On exit  : 
		Unchanged: 
 Data sizes:     COMMON   BANK0   BANK1   BANK2   BANK3   BANK4
      Params:         0       0       0       0       0       0
      Locals:         0       0       0       0       0       0
      Temps:          2       0       0       0       0       0
      Totals:         2       0       0       0       0       0
Total ram usage:        2 bytes
 Hardware stack levels used:    1
 Hardware stack levels required when called:    1
 This function calls:
		_deltaT
 This function is called by:
		Interrupt level 1
 This function uses a non-reentrant model


 *************** function _deltaT *****************
 Defined at:
		line 508 in file "powerspy.c"
 Parameters:    Size  Location     Type
  tm_low          3    0[COMMON] m
  tm_high         3    3[COMMON] m
 Auto vars:     Size  Location     Type
		None
 Return value:  Size  Location     Type
                  1    wreg      void 
 Registers used:
		wreg, status,2, status,0
 Tracked objects:
		On entry : 
		On exit  : 
		Unchanged: 
 Data sizes:     COMMON   BANK0   BANK1   BANK2   BANK3   BANK4
      Params:         6       0       0       0       0       0
      Locals:         0       0       0       0       0       0
      Temps:          6       0       0       0       0       0
      Totals:        12       0       0       0       0       0
Total ram usage:       12 bytes
 Hardware stack levels used:    1
 This function calls:
		Nothing
 This function is called by:
		_ISR
 This function uses a non-reentrant model



MODULE INFORMATION

Module		Function		Class		Link	Load	Size
message.c
		_sendInt8      		CODE           	029C	0000	20
		_sendInt32     		CODE           	0167	0000	81
		_sendInt24     		CODE           	01F8	0000	56
		_sendInt16     		CODE           	0286	0000	23
		_sendFloat     		CODE           	01B7	0000	66
		_sendString    		CODE           	022F	0000	36
		_sendChar      		CODE           	02F2	0000	9
		_readNext      		CODE           	02AF	0000	20
		_charAvailable 		CODE           	02C2	0000	19

message.c estimated size: 330

powerspy.c
		_ISR           		CODE           	0004	0000	116
		_initBT        		CODE           	026F	0000	24
		_main          		CODE           	0094	0000	118
		_deltaT        		CODE           	0109	0000	95
		_initPins      		CODE           	0252	0000	30

powerspy.c estimated size: 383

shared
		__initialization		CODE           	0079	0000	24
		_get_shift_byte		STRCODE        	0000	0000	0

shared estimated size: 24

