Microchip MPLAB XC8 Compiler V1.37 ()

Linker command line:

-W-3 --edf=/Applications/microchip/xc8/v1.37/dat/en_msgs.txt -cs \
  -h+dist/default/production/powerspy.X.production.sym \
  --cmf=dist/default/production/powerspy.X.production.cmf -z -Q16F1827 \
  -o/tmp/xcxw40Ezv -Mdist/default/production/powerspy.X.production.map -E1 \
  -ver=XC8 -ASTACK=02058h-0216fh -pstack=STACK -ACODE=00h-07FFhx2 \
  -ASTRCODE=00h-0FFFh -ASTRING=00h-0FFhx16 -ACONST=00h-0FFhx16 \
  -AENTRY=00h-0FFhx16 -ACOMMON=070h-07Fh -ABANK0=020h-06Fh \
  -ABANK1=0A0h-0EFh -ABANK2=0120h-016Fh -ABANK3=01A0h-01EFh \
  -ABANK4=0220h-024Fh -ABIGRAM=02000h-0216Fh \
  -ARAM=020h-06Fh,0A0h-0EFh,0120h-016Fh,01A0h-01EFh,0220h-024Fh \
  -AABS1=020h-07Fh,0A0h-0EFh,0120h-016Fh,01A0h-01EFh,0220h-024Fh \
  -ASFR0=00h-01Fh -ASFR1=080h-09Fh -ASFR2=0100h-011Fh -ASFR3=0180h-019Fh \
  -ASFR4=0200h-021Fh -ASFR5=0280h-02EFh -ASFR6=0300h-036Fh \
  -ASFR7=0380h-03EFh -ASFR8=0400h-046Fh -ASFR9=0480h-04EFh \
  -ASFR10=0500h-056Fh -ASFR11=0580h-05EFh -ASFR12=0600h-066Fh \
  -ASFR13=0680h-06EFh -ASFR14=0700h-076Fh -ASFR15=0780h-07EFh \
  -ASFR16=0800h-086Fh -ASFR17=0880h-08EFh -ASFR18=0900h-096Fh \
  -ASFR19=0980h-09EFh -ASFR20=0A00h-0A6Fh -ASFR21=0A80h-0AEFh \
  -ASFR22=0B00h-0B6Fh -ASFR23=0B80h-0BEFh -ASFR24=0C00h-0C6Fh \
  -ASFR25=0C80h-0CEFh -ASFR26=0D00h-0D6Fh -ASFR27=0D80h-0DEFh \
  -ASFR28=0E00h-0E6Fh -ASFR29=0E80h-0EEFh -ASFR30=0F00h-0F6Fh \
  -ASFR31=0F80h-0FEFh -preset_vec=00h,intentry=04h,init,end_init \
  -ppowerup=CODE -pcinit=CODE -pfunctab=CODE -ACONFIG=08007h-08008h \
  -pconfig=CONFIG -DCONFIG=2 -AIDLOC=08000h-08003h -pidloc=IDLOC -DIDLOC=2 \
  -AEEDATA=00h-0FFh/0F000h -peeprom_data=EEDATA -DEEDATA=2 -DCODE=2 \
  -DSTRCODE=2 -DSTRING=2 -DCONST=2 -DENTRY=2 -k /tmp/xcuvab1Yr.obj \
  dist/default/production/powerspy.X.production.obj 

Object code version is 3.11

Machine type is 16F1827



                Name                               Link     Load   Length Selector   Space Scale
/tmp/xcuvab1Yr.obj
                end_init                             55       55        2        8       0
                reset_vec                             0        0        2        0       0
                config                             8007     8007        2    1000E       0
dist/default/production/powerspy.X.production.obj
                cinit                                57       57       28        8       0
                intentry                              4        4       51        8       0
                eeprom_data                           0     F000       68    1E000       3
                text32                              FF1      FF1        F     1FE2       0
                text31                              78E      78E       18        8       0
                text30                              FA4      FA4        5     1F48       0
                text29                              4BD      4BD       60        8       0
                text28                              FB8      FB8        A     1F70       0
                text27                              6BC      6BC       2A        8       0
                text26                              FC2      FC2        A     1F84       0
                text25                              7A6      7A6       17        8       0
                text24                              FD7      FD7        D     1FAE       0
                text23                              FE4      FE4        D     1FC8       0
                text22                              FAF      FAF        9     1F5E       0
                text21                              FA9      FA9        6     1F52       0
                text20                              753      753       1F        8       0
                text19                              733      733       20        8       0
                text18                              FCC      FCC        B     1F98       0
                text17                              452      452       6B        8       0
                text16                              6E6      6E6       27        8       0
                text15                              772      772       1C        8       0
                text14                              5C0      5C0       51        8       0
                text13                              56F      56F       51        8       0
                text12                              7BD      7BD       13        8       0
                text11                                2        2        2        0       0
                text10                              7E2      7E2       10        8       0
                text9                               68A      68A       32        8       0
                text8                               7F2      7F2        D        8       0
                text7                               343      343       A2        8       0
                text6                               7D0      7D0       12        8       0
                text5                               3E5      3E5       6D        8       0
                text4                               70D      70D       26        8       0
                text3                               51D      51D       52        8       0
                text2                               611      611       45        8       0
                text1                               656      656       34        8       0
                maintext                             7F       7F      2C4        8       0
                cstackBANK0                          20       20       43       20       1
                cstackCOMMON                         70       70        A       70       1
                bssBANK1                             A0       A0        8       A0       1
                dataBANK0                            6C       6C        4       20       1
                bssBANK0                             63       63        9       20       1
                bssCOMMON                            7A       7A        2       70       1
                stringtext                          7FF      7FF        A      FFE       0
                idataBANK0                          FA0      FA0        4     1F40       0

TOTAL           Name                               Link     Load   Length     Space
        CLASS   STACK          

        CLASS   CODE           
                end_init                             55       55        2         0
                cinit                                57       57       28         0
                intentry                              4        4       51         0
                reset_vec                             0        0        2         0
                text32                              FF1      FF1        F         0
                text31                              78E      78E       18         0
                text30                              FA4      FA4        5         0
                text29                              4BD      4BD       60         0
                text28                              FB8      FB8        A         0
                text27                              6BC      6BC       2A         0
                text26                              FC2      FC2        A         0
                text25                              7A6      7A6       17         0
                text24                              FD7      FD7        D         0
                text23                              FE4      FE4        D         0
                text22                              FAF      FAF        9         0
                text21                              FA9      FA9        6         0
                text20                              753      753       1F         0
                text19                              733      733       20         0
                text18                              FCC      FCC        B         0
                text17                              452      452       6B         0
                text16                              6E6      6E6       27         0
                text15                              772      772       1C         0
                text14                              5C0      5C0       51         0
                text13                              56F      56F       51         0
                text12                              7BD      7BD       13         0
                text11                                2        2        2         0
                text10                              7E2      7E2       10         0
                text9                               68A      68A       32         0
                text8                               7F2      7F2        D         0
                text7                               343      343       A2         0
                text6                               7D0      7D0       12         0
                text5                               3E5      3E5       6D         0
                text4                               70D      70D       26         0
                text3                               51D      51D       52         0
                text2                               611      611       45         0
                text1                               656      656       34         0
                maintext                             7F       7F      2C4         0
                idataBANK0                          FA0      FA0        4         0

        CLASS   STRCODE        
                stringtext                          7FF      7FF        A         0

        CLASS   STRING         

        CLASS   CONST          

        CLASS   ENTRY          

        CLASS   COMMON         
                cstackCOMMON                         70       70        A         1
                bssCOMMON                            7A       7A        2         1

        CLASS   BANK0          
                cstackBANK0                          20       20       43         1
                dataBANK0                            6C       6C        4         1
                bssBANK0                             63       63        9         1

        CLASS   BANK1          
                bssBANK1                             A0       A0        8         1

        CLASS   BANK2          

        CLASS   BANK3          

        CLASS   BANK4          

        CLASS   BIGRAM         

        CLASS   RAM            

        CLASS   ABS1           
                abs_s1                               7E       7E        2         1

        CLASS   SFR0           

        CLASS   SFR1           

        CLASS   SFR2           

        CLASS   SFR3           

        CLASS   SFR4           

        CLASS   SFR5           

        CLASS   SFR6           

        CLASS   SFR7           

        CLASS   SFR8           

        CLASS   SFR9           

        CLASS   SFR10          

        CLASS   SFR11          

        CLASS   SFR12          

        CLASS   SFR13          

        CLASS   SFR14          

        CLASS   SFR15          

        CLASS   SFR16          

        CLASS   SFR17          

        CLASS   SFR18          

        CLASS   SFR19          

        CLASS   SFR20          

        CLASS   SFR21          

        CLASS   SFR22          

        CLASS   SFR23          

        CLASS   SFR24          

        CLASS   SFR25          

        CLASS   SFR26          

        CLASS   SFR27          

        CLASS   SFR28          

        CLASS   SFR29          

        CLASS   SFR30          

        CLASS   SFR31          

        CLASS   CONFIG         
                config                             8007     8007        2         0

        CLASS   IDLOC          

        CLASS   EEDATA         
                eeprom_data                           0     F000       68         3

        CLASS   BANK31         

        CLASS   BANK30         

        CLASS   BANK29         

        CLASS   BANK28         

        CLASS   BANK27         

        CLASS   BANK26         

        CLASS   BANK25         

        CLASS   BANK24         

        CLASS   BANK23         

        CLASS   BANK22         

        CLASS   BANK21         

        CLASS   BANK20         

        CLASS   BANK19         

        CLASS   BANK18         

        CLASS   BANK17         

        CLASS   BANK16         

        CLASS   BANK15         

        CLASS   BANK14         

        CLASS   BANK13         

        CLASS   BANK12         

        CLASS   BANK11         

        CLASS   BANK10         

        CLASS   BANK9          

        CLASS   BANK8          

        CLASS   BANK7          

        CLASS   BANK6          

        CLASS   BANK5          



SEGMENTS        Name                           Load    Length   Top    Selector   Space  Class     Delta

                reset_vec                      000000  000004  000004         0       0  CODE        2
                intentry                       000004  0007FB  0007FF         8       0  CODE        2
                cstackBANK0                    000020  000050  000070        20       1  BANK0       1
                cstackCOMMON                   000070  00000C  00007C        70       1  COMMON      1
                bssBANK1                       0000A0  000008  0000A8        A0       1  BANK1       1
                stringtext                     0007FF  00000A  000809       FFE       0  STRCODE     2
                idataBANK0                     000FA0  000004  000FA4      1F40       0  CODE        2
                text30                         000FA4  000005  000FA9      1F48       0  CODE        2
                text21                         000FA9  000006  000FAF      1F52       0  CODE        2
                text22                         000FAF  000009  000FB8      1F5E       0  CODE        2
                text28                         000FB8  00000A  000FC2      1F70       0  CODE        2
                text26                         000FC2  00000A  000FCC      1F84       0  CODE        2
                text18                         000FCC  00000B  000FD7      1F98       0  CODE        2
                text24                         000FD7  00000D  000FE4      1FAE       0  CODE        2
                text23                         000FE4  00000D  000FF1      1FC8       0  CODE        2
                text32                         000FF1  00000F  001000      1FE2       0  CODE        2
                config                         008007  000002  008009     1000E       0  CONFIG      2
                eeprom_data                    00F000  000068  00F068     1E000       3  EEDATA      2


UNUSED ADDRESS RANGES

        Name                Unused          Largest block    Delta
        BANK1            000A8-000EF              48           1
        BANK2            00120-0016F              50           1
        BANK3            001A0-001EF              50           1
        BANK4            00220-0024F              30           1
        BIGRAM           02000-0216F             170           1
        CODE             00809-00F9F             797           2
        COMMON           0007C-0007D               2           1
        CONST            00809-00F9F             100           2
        EEDATA           0F068-0F0FF              98           2
        ENTRY            00809-00F9F             100           2
        IDLOC            08000-08003               4           2
        RAM              000A8-000EF              48           1
                         00120-0016F              50
                         001A0-001EF              50
                         00220-0024F              30
        SFR0             00000-0001F              20           1
        SFR1             00080-0009F              20           1
        SFR10            00500-0056F              70           1
        SFR11            00580-005EF              70           1
        SFR12            00600-0066F              70           1
        SFR13            00680-006EF              70           1
        SFR14            00700-0076F              70           1
        SFR15            00780-007EF              70           1
        SFR16            00800-0086F              70           1
        SFR17            00880-008EF              70           1
        SFR18            00900-0096F              70           1
        SFR19            00980-009EF              70           1
        SFR2             00100-0011F              20           1
        SFR20            00A00-00A6F              70           1
        SFR21            00A80-00AEF              70           1
        SFR22            00B00-00B6F              70           1
        SFR23            00B80-00BEF              70           1
        SFR24            00C00-00C6F              70           1
        SFR25            00C80-00CEF              70           1
        SFR26            00D00-00D6F              70           1
        SFR27            00D80-00DEF              70           1
        SFR28            00E00-00E6F              70           1
        SFR29            00E80-00EEF              70           1
        SFR3             00180-0019F              20           1
        SFR30            00F00-00F6F              70           1
        SFR31            00F80-00FEF              70           1
        SFR4             00200-0021F              20           1
        SFR5             00280-002EF              70           1
        SFR6             00300-0036F              70           1
        SFR7             00380-003EF              70           1
        SFR8             00400-0046F              70           1
        SFR9             00480-004EF              70           1
        STACK            02058-0216F             118           1
        STRCODE          00809-00F9F             797           2
        STRING           00809-00F9F             100           2

                                  Symbol Table

?___atdiv                cstackBANK0  0002D
?___awdiv                cstackBANK0  0003D
?___awmod                cstackCOMMON 00072
?___tmul                 cstackBANK0  00024
?___wmul                 cstackBANK0  00020
?_abs                    cstackBANK0  00039
?_deltaT                 cstackCOMMON 00072
?_readCurrent            cstackBANK0  00039
?_readVdd                cstackCOMMON 00074
_ADCS0                   (abs)        004F4
_ADCS1                   (abs)        004F5
_ADCS2                   (abs)        004F6
_ADFM                    (abs)        004F7
_ADFVR0                  (abs)        008B8
_ADFVR1                  (abs)        008B9
_ADNREF                  (abs)        004F2
_ADON                    (abs)        004E8
_ADPREF0                 (abs)        004F0
_ADPREF1                 (abs)        004F1
_ADRES                   (abs)        0009B
_ANSELA                  (abs)        0018C
_ANSELB                  (abs)        0018D
_BRG16                   (abs)        00CFB
_BRGH                    (abs)        00CF2
_C1IE                    (abs)        00495
_C1IF                    (abs)        00095
_C1INTP                  (abs)        00897
_C1NCH0                  (abs)        00890
_C1NCH1                  (abs)        00891
_C1ON                    (abs)        0088F
_C1PCH0                  (abs)        00894
_C1PCH1                  (abs)        00895
_C1TSEL0                 (abs)        014F0
_C1TSEL1                 (abs)        014F1
_C2IE                    (abs)        00496
_C2IF                    (abs)        00096
_C2INTP                  (abs)        008A7
_C2NCH0                  (abs)        008A0
_C2NCH1                  (abs)        008A1
_C2ON                    (abs)        0089F
_C2PCH0                  (abs)        008A4
_C2PCH1                  (abs)        008A5
_CCP1CON                 (abs)        00293
_CCP1SEL                 (abs)        008E8
_CCPR1L                  (abs)        00291
_CDAFVR0                 (abs)        008BA
_CDAFVR1                 (abs)        008BB
_CHS0                    (abs)        004EA
_CHS1                    (abs)        004EB
_CHS2                    (abs)        004EC
_CHS3                    (abs)        004ED
_CHS4                    (abs)        004EE
_CREN                    (abs)        00CEC
_DC1B0                   (abs)        0149C
_DC1B1                   (abs)        0149D
_EEADR                   (abs)        00191
_EECON1                  (abs)        00195
_EEDATA                  (abs)        00193
_FVREN                   (abs)        008BF
_FVRRDY                  (abs)        008BE
_GIE                     (abs)        0005F
_GO_nDONE                (abs)        004E9
_IOCBN5                  (abs)        01CAD
_IOCIE                   (abs)        0005B
_IRCF0                   (abs)        004CB
_IRCF1                   (abs)        004CC
_IRCF2                   (abs)        004CD
_IRCF3                   (abs)        004CE
_ISR                     intentry     00004
_PEIE                    (abs)        0005E
_PORTA                   (abs)        0000C
_PORTB                   (abs)        0000D
_PR2                     (abs)        0001B
_RA3                     (abs)        00063
_RA4                     (abs)        00064
_RA6                     (abs)        00066
_RA7                     (abs)        00067
_RB3                     (abs)        0006B
_RCIE                    (abs)        0048D
_RCIF                    (abs)        0008D
_RCREG                   (abs)        00199
_RD                      (abs)        00CA8
_RXDTSEL                 (abs)        008EF
_SCS0                    (abs)        004C8
_SCS1                    (abs)        004C9
_SPBRG                   (abs)        0019B
_SPEN                    (abs)        00CEF
_SPLLEN                  (abs)        004CF
_SYNC                    (abs)        00CF4
_T1CKPS0                 (abs)        000C4
_T1CKPS1                 (abs)        000C5
_T2CKPS0                 (abs)        000E0
_T2CKPS1                 (abs)        000E1
_T2OUTPS0                (abs)        000E3
_T2OUTPS1                (abs)        000E4
_T2OUTPS2                (abs)        000E5
_T2OUTPS3                (abs)        000E6
_T4CKPS0                 (abs)        020B8
_T4CKPS1                 (abs)        020B9
_TMR1                    (abs)        00016
_TMR1CS0                 (abs)        000C6
_TMR1CS1                 (abs)        000C7
_TMR1IE                  (abs)        00488
_TMR1IF                  (abs)        00088
_TMR1ON                  (abs)        000C0
_TMR2IE                  (abs)        00489
_TMR2IF                  (abs)        00089
_TMR2ON                  (abs)        000E2
_TMR4IF                  (abs)        00099
_TMR4ON                  (abs)        020BA
_TRISA                   (abs)        0008C
_TRISB                   (abs)        0008D
_TRISBbits               (abs)        0008D
_TRMT                    (abs)        00CF1
_TXCKSEL                 (abs)        008F0
_TXEN                    (abs)        00CF5
_TXREG                   (abs)        0019A
_WPUB                    (abs)        0020D
_WR                      (abs)        00CA9
__Babs1                  abs1         1E0D0
__Bbank0                 bank0        1E0D0
__Bbank1                 bank1        1E0D0
__Bbank10                bank10       1E0D0
__Bbank11                bank11       1E0D0
__Bbank12                bank12       1E0D0
__Bbank13                bank13       1E0D0
__Bbank14                bank14       1E0D0
__Bbank15                bank15       1E0D0
__Bbank16                bank16       1E0D0
__Bbank17                bank17       1E0D0
__Bbank18                bank18       1E0D0
__Bbank19                bank19       1E0D0
__Bbank2                 bank2        1E0D0
__Bbank20                bank20       1E0D0
__Bbank21                bank21       1E0D0
__Bbank22                bank22       1E0D0
__Bbank23                bank23       1E0D0
__Bbank24                bank24       1E0D0
__Bbank25                bank25       1E0D0
__Bbank26                bank26       1E0D0
__Bbank27                bank27       1E0D0
__Bbank28                bank28       1E0D0
__Bbank29                bank29       1E0D0
__Bbank3                 bank3        1E0D0
__Bbank30                bank30       1E0D0
__Bbank31                bank31       1E0D0
__Bbank4                 bank4        1E0D0
__Bbank5                 bank5        1E0D0
__Bbank6                 bank6        1E0D0
__Bbank7                 bank7        1E0D0
__Bbank8                 bank8        1E0D0
__Bbank9                 bank9        1E0D0
__Bbigram                bigram       1E0D0
__BbssBANK0              bssBANK0     1E0D0
__BbssBANK1              bssBANK1     1E0D0
__BbssCOMMON             bssCOMMON    1E0D0
__Bclrtext               clrtext      1E0D0
__Bcode                  code         1E0D0
__Bcommon                common       1E0D0
__BcstackBANK0           cstackBANK0  1E0D0
__BcstackCOMMON          cstackCOMMON 1E0D0
__BdataBANK0             dataBANK0    1E0D0
__Beeprom_data           eeprom_data  0F000
__BidataBANK0            idataBANK0   1E0D0
__Bmaintext              maintext     1E0D0
__Bram                   ram          1E0D0
__Bsfr0                  sfr0         1E0D0
__Bsfr1                  sfr1         1E0D0
__Bsfr10                 sfr10        1E0D0
__Bsfr11                 sfr11        1E0D0
__Bsfr12                 sfr12        1E0D0
__Bsfr13                 sfr13        1E0D0
__Bsfr14                 sfr14        1E0D0
__Bsfr15                 sfr15        1E0D0
__Bsfr16                 sfr16        1E0D0
__Bsfr17                 sfr17        1E0D0
__Bsfr18                 sfr18        1E0D0
__Bsfr19                 sfr19        1E0D0
__Bsfr2                  sfr2         1E0D0
__Bsfr20                 sfr20        1E0D0
__Bsfr21                 sfr21        1E0D0
__Bsfr22                 sfr22        1E0D0
__Bsfr23                 sfr23        1E0D0
__Bsfr24                 sfr24        1E0D0
__Bsfr25                 sfr25        1E0D0
__Bsfr26                 sfr26        1E0D0
__Bsfr27                 sfr27        1E0D0
__Bsfr28                 sfr28        1E0D0
__Bsfr29                 sfr29        1E0D0
__Bsfr3                  sfr3         1E0D0
__Bsfr30                 sfr30        1E0D0
__Bsfr31                 sfr31        1E0D0
__Bsfr4                  sfr4         1E0D0
__Bsfr5                  sfr5         1E0D0
__Bsfr6                  sfr6         1E0D0
__Bsfr7                  sfr7         1E0D0
__Bsfr8                  sfr8         1E0D0
__Bsfr9                  sfr9         1E0D0
__Bstrings               strings      1E0D0
__Bstringtext            stringtext   1E0D0
__Btext                  text         1E0D0
__CFG_BOREN$OFF          (abs)        00000
__CFG_BORV$LO            (abs)        00000
__CFG_CLKOUTEN$OFF       (abs)        00000
__CFG_CP$OFF             (abs)        00000
__CFG_CPD$OFF            (abs)        00000
__CFG_FCMEN$OFF          (abs)        00000
__CFG_FOSC$INTOSC        (abs)        00000
__CFG_IESO$OFF           (abs)        00000
__CFG_LVP$OFF            (abs)        00000
__CFG_MCLRE$ON           (abs)        00000
__CFG_PLLEN$ON           (abs)        00000
__CFG_PWRTE$OFF          (abs)        00000
__CFG_STVREN$OFF         (abs)        00000
__CFG_WDTE$OFF           (abs)        00000
__CFG_WRT$OFF            (abs)        00000
__Habs1                  abs1         000D0
__Hbank0                 bank0        000D0
__Hbank1                 bank1        000D0
__Hbank10                bank10       000D0
__Hbank11                bank11       000D0
__Hbank12                bank12       000D0
__Hbank13                bank13       000D0
__Hbank14                bank14       000D0
__Hbank15                bank15       000D0
__Hbank16                bank16       000D0
__Hbank17                bank17       000D0
__Hbank18                bank18       000D0
__Hbank19                bank19       000D0
__Hbank2                 bank2        000D0
__Hbank20                bank20       000D0
__Hbank21                bank21       000D0
__Hbank22                bank22       000D0
__Hbank23                bank23       000D0
__Hbank24                bank24       000D0
__Hbank25                bank25       000D0
__Hbank26                bank26       000D0
__Hbank27                bank27       000D0
__Hbank28                bank28       000D0
__Hbank29                bank29       000D0
__Hbank3                 bank3        000D0
__Hbank30                bank30       000D0
__Hbank31                bank31       000D0
__Hbank4                 bank4        000D0
__Hbank5                 bank5        000D0
__Hbank6                 bank6        000D0
__Hbank7                 bank7        000D0
__Hbank8                 bank8        000D0
__Hbank9                 bank9        000D0
__Hbigram                bigram       000D0
__HbssBANK0              bssBANK0     000D0
__HbssBANK1              bssBANK1     000D0
__HbssCOMMON             bssCOMMON    000D0
__Hcinit                 cinit        0007F
__Hclrtext               clrtext      000D0
__Hcode                  code         000D0
__Hcommon                common       000D0
__Hconfig                config       08009
__HcstackBANK0           cstackBANK0  000D0
__HcstackCOMMON          cstackCOMMON 000D0
__HdataBANK0             dataBANK0    000D0
__Heeprom_data           eeprom_data  00068
__Hend_init              end_init     00057
__Hfunctab               functab      00000
__HidataBANK0            idataBANK0   000D0
__Hidloc                 idloc        00000
__Hinit                  init         00055
__Hintentry              intentry     00055
__Hmaintext              maintext     000D0
__Hpowerup               powerup      00000
__Hram                   ram          000D0
__Hreset_vec             reset_vec    00002
__Hsfr0                  sfr0         000D0
__Hsfr1                  sfr1         000D0
__Hsfr10                 sfr10        000D0
__Hsfr11                 sfr11        000D0
__Hsfr12                 sfr12        000D0
__Hsfr13                 sfr13        000D0
__Hsfr14                 sfr14        000D0
__Hsfr15                 sfr15        000D0
__Hsfr16                 sfr16        000D0
__Hsfr17                 sfr17        000D0
__Hsfr18                 sfr18        000D0
__Hsfr19                 sfr19        000D0
__Hsfr2                  sfr2         000D0
__Hsfr20                 sfr20        000D0
__Hsfr21                 sfr21        000D0
__Hsfr22                 sfr22        000D0
__Hsfr23                 sfr23        000D0
__Hsfr24                 sfr24        000D0
__Hsfr25                 sfr25        000D0
__Hsfr26                 sfr26        000D0
__Hsfr27                 sfr27        000D0
__Hsfr28                 sfr28        000D0
__Hsfr29                 sfr29        000D0
__Hsfr3                  sfr3         000D0
__Hsfr30                 sfr30        000D0
__Hsfr31                 sfr31        000D0
__Hsfr4                  sfr4         000D0
__Hsfr5                  sfr5         000D0
__Hsfr6                  sfr6         000D0
__Hsfr7                  sfr7         000D0
__Hsfr8                  sfr8         000D0
__Hsfr9                  sfr9         000D0
__Hspace_0               (abs)        08009
__Hspace_1               (abs)        000D0
__Hspace_2               (abs)        00000
__Hspace_3               (abs)        00068
__Hstack                 stack        00000
__Hstrings               strings      000D0
__Hstringtext            stringtext   000D0
__Htext                  text         000D0
__Labs1                  abs1         000D0
__Lbank0                 bank0        000D0
__Lbank1                 bank1        000D0
__Lbank10                bank10       000D0
__Lbank11                bank11       000D0
__Lbank12                bank12       000D0
__Lbank13                bank13       000D0
__Lbank14                bank14       000D0
__Lbank15                bank15       000D0
__Lbank16                bank16       000D0
__Lbank17                bank17       000D0
__Lbank18                bank18       000D0
__Lbank19                bank19       000D0
__Lbank2                 bank2        000D0
__Lbank20                bank20       000D0
__Lbank21                bank21       000D0
__Lbank22                bank22       000D0
__Lbank23                bank23       000D0
__Lbank24                bank24       000D0
__Lbank25                bank25       000D0
__Lbank26                bank26       000D0
__Lbank27                bank27       000D0
__Lbank28                bank28       000D0
__Lbank29                bank29       000D0
__Lbank3                 bank3        000D0
__Lbank30                bank30       000D0
__Lbank31                bank31       000D0
__Lbank4                 bank4        000D0
__Lbank5                 bank5        000D0
__Lbank6                 bank6        000D0
__Lbank7                 bank7        000D0
__Lbank8                 bank8        000D0
__Lbank9                 bank9        000D0
__Lbigram                bigram       000D0
__LbssBANK0              bssBANK0     000D0
__LbssBANK1              bssBANK1     000D0
__LbssCOMMON             bssCOMMON    000D0
__Lcinit                 cinit        00057
__Lclrtext               clrtext      000D0
__Lcode                  code         000D0
__Lcommon                common       000D0
__Lconfig                config       08007
__LcstackBANK0           cstackBANK0  000D0
__LcstackCOMMON          cstackCOMMON 000D0
__LdataBANK0             dataBANK0    000D0
__Leeprom_data           eeprom_data  00000
__Lend_init              end_init     00055
__Lfunctab               functab      00000
__LidataBANK0            idataBANK0   000D0
__Lidloc                 idloc        00000
__Linit                  init         00055
__Lintentry              intentry     00004
__Lmaintext              maintext     000D0
__Lpowerup               powerup      00000
__Lram                   ram          000D0
__Lreset_vec             reset_vec    00000
__Lsfr0                  sfr0         000D0
__Lsfr1                  sfr1         000D0
__Lsfr10                 sfr10        000D0
__Lsfr11                 sfr11        000D0
__Lsfr12                 sfr12        000D0
__Lsfr13                 sfr13        000D0
__Lsfr14                 sfr14        000D0
__Lsfr15                 sfr15        000D0
__Lsfr16                 sfr16        000D0
__Lsfr17                 sfr17        000D0
__Lsfr18                 sfr18        000D0
__Lsfr19                 sfr19        000D0
__Lsfr2                  sfr2         000D0
__Lsfr20                 sfr20        000D0
__Lsfr21                 sfr21        000D0
__Lsfr22                 sfr22        000D0
__Lsfr23                 sfr23        000D0
__Lsfr24                 sfr24        000D0
__Lsfr25                 sfr25        000D0
__Lsfr26                 sfr26        000D0
__Lsfr27                 sfr27        000D0
__Lsfr28                 sfr28        000D0
__Lsfr29                 sfr29        000D0
__Lsfr3                  sfr3         000D0
__Lsfr30                 sfr30        000D0
__Lsfr31                 sfr31        000D0
__Lsfr4                  sfr4         000D0
__Lsfr5                  sfr5         000D0
__Lsfr6                  sfr6         000D0
__Lsfr7                  sfr7         000D0
__Lsfr8                  sfr8         000D0
__Lsfr9                  sfr9         000D0
__Lspace_0               (abs)        00000
__Lspace_1               (abs)        00000
__Lspace_2               (abs)        00000
__Lspace_3               (abs)        00000
__Lstack                 stack        00000
__Lstrings               strings      000D0
__Lstringtext            stringtext   000D0
__Ltext                  text         000D0
__S0                     (abs)        08009
__S1                     (abs)        000A8
__S2                     (abs)        00000
__S3                     (abs)        0F068
___atdiv                 text17       00452
___atdiv@counter         cstackBANK0  00034
___atdiv@dividend        cstackBANK0  00030
___atdiv@divisor         cstackBANK0  0002D
___atdiv@quotient        cstackBANK0  00036
___atdiv@sign            cstackBANK0  00035
___awdiv                 text3        0051D
___awdiv@counter         cstackBANK0  00042
___awdiv@dividend        cstackBANK0  0003F
___awdiv@divisor         cstackBANK0  0003D
___awdiv@quotient        cstackBANK0  00044
___awdiv@sign            cstackBANK0  00043
___awmod                 text2        00611
___awmod@counter         cstackCOMMON 00077
___awmod@dividend        cstackCOMMON 00074
___awmod@divisor         cstackCOMMON 00072
___awmod@sign            cstackCOMMON 00078
___int_sp                stack        00000
___latbits               (abs)        00001
___sp                    stack        00000
___tmul                  text16       006E6
___tmul@multiplicand     cstackBANK0  00027
___tmul@multiplier       cstackBANK0  00024
___tmul@product          cstackBANK0  0002A
___wmul                  text15       00772
___wmul@multiplicand     cstackBANK0  00022
___wmul@multiplier       cstackBANK0  00020
___wmul@product          cstackCOMMON 00078
__end_of_ISR             intentry     00055
__end_of___atdiv         text17       004BD
__end_of___awdiv         text3        0056F
__end_of___awmod         text2        00656
__end_of___tmul          text16       0070D
__end_of___wmul          text15       0078E
__end_of__initialization cinit        0007B
__end_of__sendchar_      text10       007F2
__end_of_abs             text32       01000
__end_of_adc             text14       00611
__end_of_cos             text28       00FC2
__end_of_deltaT          text27       006E6
__end_of_eeprom_read     text31       007A6
__end_of_get_shift_byte  stringtext   00809
__end_of_initADC         text26       00FCC
__end_of_initBT          text25       007BD
__end_of_initCOMP1       text24       00FE4
__end_of_initCOMP2       text23       00FF1
__end_of_initFVR         text22       00FB8
__end_of_initMessaging   text21       00FAF
__end_of_initPWMTMR4     text20       00772
__end_of_initPins        text19       00753
__end_of_initTMR1        text18       00FD7
__end_of_main            maintext     00343
__end_of_readCurrent     text13       005C0
__end_of_readVdd         text12       007D0
__end_of_readVoltage     text11       00004
__end_of_sendColour      text7        003E5
__end_of_sendInt24       text9        006BC
__end_of_sendUInt8       text8        007FF
__end_of_setLED          text6        007E2
__end_of_setUnit         text4        00733
__end_of_setVal          text1        0068A
__end_of_sin             text29       0051D
__end_of_sin_            text30       00FA9
__end_of_so              text5        00452
__initialization         cinit        00057
__pbssBANK0              bssBANK0     00063
__pbssBANK1              bssBANK1     000A0
__pbssCOMMON             bssCOMMON    0007A
__pcstackBANK0           cstackBANK0  00020
__pcstackCOMMON          cstackCOMMON 00070
__pdataBANK0             dataBANK0    0006C
__pidataBANK0            idataBANK0   00FA0
__pintentry              intentry     00004
__pmaintext              maintext     0007F
__pstringtext            stringtext   007FF
__ptext1                 text1        00656
__ptext10                text10       007E2
__ptext11                text11       00002
__ptext12                text12       007BD
__ptext13                text13       0056F
__ptext14                text14       005C0
__ptext15                text15       00772
__ptext16                text16       006E6
__ptext17                text17       00452
__ptext18                text18       00FCC
__ptext19                text19       00733
__ptext2                 text2        00611
__ptext20                text20       00753
__ptext21                text21       00FA9
__ptext22                text22       00FAF
__ptext23                text23       00FE4
__ptext24                text24       00FD7
__ptext25                text25       007A6
__ptext26                text26       00FC2
__ptext27                text27       006BC
__ptext28                text28       00FB8
__ptext29                text29       004BD
__ptext3                 text3        0051D
__ptext30                text30       00FA4
__ptext31                text31       0078E
__ptext32                text32       00FF1
__ptext4                 text4        0070D
__ptext5                 text5        003E5
__ptext6                 text6        007D0
__ptext7                 text7        00343
__ptext8                 text8        007F2
__ptext9                 text9        0068A
__sendchar_              text10       007E2
__sendchar_@c            cstackCOMMON 00074
__size_of_ISR            (abs)        00000
__size_of___atdiv        (abs)        00000
__size_of___awdiv        (abs)        00000
__size_of___awmod        (abs)        00000
__size_of___tmul         (abs)        00000
__size_of___wmul         (abs)        00000
__size_of__sendchar_     (abs)        00000
__size_of_abs            (abs)        00000
__size_of_adc            (abs)        00000
__size_of_cos            (abs)        00000
__size_of_deltaT         (abs)        00000
__size_of_eeprom_read    (abs)        00000
__size_of_initADC        (abs)        00000
__size_of_initBT         (abs)        00000
__size_of_initCOMP1      (abs)        00000
__size_of_initCOMP2      (abs)        00000
__size_of_initFVR        (abs)        00000
__size_of_initMessaging  (abs)        00000
__size_of_initPWMTMR4    (abs)        00000
__size_of_initPins       (abs)        00000
__size_of_initTMR1       (abs)        00000
__size_of_main           (abs)        00000
__size_of_readCurrent    (abs)        00000
__size_of_readVdd        (abs)        00000
__size_of_readVoltage    (abs)        00000
__size_of_sendColour     (abs)        00000
__size_of_sendInt24      (abs)        00000
__size_of_sendUInt8      (abs)        00000
__size_of_setLED         (abs)        00000
__size_of_setUnit        (abs)        00000
__size_of_setVal         (abs)        00000
__size_of_sin            (abs)        00000
__size_of_sin_           (abs)        00000
__size_of_so             (abs)        00000
_abs                     text32       00FF1
_adc                     text14       005C0
_buffpos                 bssCOMMON    0007A
_cos                     text28       00FB8
_curr_time               bssBANK0     00063
_deltaT                  text27       006BC
_eeprom_read             text31       0078E
_flag                    bssBANK0     00069
_get_shift_byte          stringtext   007FF
_i_u_diode_offs          dataBANK0    0006F
_i_u_offs                dataBANK0    0006C
_initADC                 text26       00FC2
_initBT                  text25       007A6
_initCOMP1               text24       00FD7
_initCOMP2               text23       00FE4
_initFVR                 text22       00FAF
_initMessaging           text21       00FA9
_initPWMTMR4             text20       00753
_initPins                text19       00733
_initTMR1                text18       00FCC
_led_rest                bssBANK0     00065
_main                    maintext     0007F
_main$840                cstackBANK0  0005E
_mode                    bssBANK0     0006A
_nWPUEN                  (abs)        004AF
_readCurrent             text13       0056F
_readVdd                 text12       007BD
_readVoltage             text11       00002
_reading                 bssBANK0     0006B
_readpos                 bssCOMMON    0007B
_receive_buff            bssBANK1     000A0
_sendColour              text7        00343
_sendInt24               text9        0068A
_sendUInt8               text8        007F2
_setLED                  text6        007D0
_setUnit                 text4        0070D
_setVal                  text1        00656
_sin                     text29       004BD
_sin_                    text30       00FA4
_so                      text5        003E5
_volt_time               bssBANK0     00067
abs@a                    cstackBANK0  00039
adc@src                  cstackCOMMON 00073
btemp                    (abs)        0007E
cos@us                   cstackBANK0  00022
deltaT@tm_high           cstackCOMMON 00074
deltaT@tm_low            cstackCOMMON 00072
eeprom_read@addr         cstackCOMMON 00075
end_of_initialization    cinit        0007B
int$flags                (abs)        0007E
intlevel0                functab      00000
intlevel1                functab      00000
intlevel2                functab      00000
intlevel3                functab      00000
intlevel4                functab      00000
intlevel5                functab      00000
ltemp                    (abs)        0007E
ltemp0                   (abs)        0007E
ltemp1                   (abs)        00082
ltemp2                   (abs)        00086
ltemp3                   (abs)        00080
main@angle               cstackBANK0  00056
main@apparent            cstackBANK0  00060
main@bmode               cstackBANK0  00059
main@current             cstackBANK0  0005B
main@reactive            cstackBANK0  00053
main@real                cstackBANK0  00050
main@voltage             cstackBANK0  0004D
reset_vec                reset_vec    00000
sendColour@c             cstackCOMMON 00072
sendInt24@i              cstackCOMMON 00075
sendUInt8@i              cstackCOMMON 00075
setLED@b                 cstackCOMMON 00074
setLED@g                 cstackCOMMON 00075
setLED@r                 cstackCOMMON 00073
setUnit@u                cstackCOMMON 00075
setVal@i                 cstackBANK0  00049
setVal@v                 cstackBANK0  00046
sin@buff                 cstackBANK0  00020
sin@z                    cstackCOMMON 00077
sin_@z                   cstackCOMMON 00076
so@c                     cstackCOMMON 00074
so@data                  cstackCOMMON 00073
stackhi                  (abs)        0216F
stacklo                  (abs)        02058
start                    init         00055
start_initialization     cinit        00057
ttemp                    (abs)        0007E
ttemp0                   (abs)        0007E
ttemp1                   (abs)        00081
ttemp2                   (abs)        00084
ttemp3                   (abs)        00087
ttemp4                   (abs)        0007F
wtemp                    (abs)        0007E
wtemp0                   (abs)        0007E
wtemp1                   (abs)        00080
wtemp2                   (abs)        00082
wtemp3                   (abs)        00084
wtemp4                   (abs)        00086
wtemp5                   (abs)        00088
wtemp6                   (abs)        0007F


FUNCTION INFORMATION:

 *************** function _main *****************
 Defined at:
		line 689 in file "powerspy.c"
 Parameters:    Size  Location     Type
		None
 Auto vars:     Size  Location     Type
  apparent        3   64[BANK0 ] m
  current         3   59[BANK0 ] m
  angle           3   54[BANK0 ] m
  reactive        3   51[BANK0 ] m
  real            3   48[BANK0 ] m
  voltage         3   45[BANK0 ] m
  bmode           2   57[BANK0 ] int 
  i               1    0        char 
 Return value:  Size  Location     Type
                  1    wreg      void 
 Registers used:
		wreg, fsr0l, fsr0h, status,2, status,0, pclath, cstack
 Tracked objects:
		On entry : 
		On exit  : 
		Unchanged: 
 Data sizes:     COMMON   BANK0   BANK1   BANK2   BANK3   BANK4
      Params:         0       0       0       0       0       0
      Locals:         0      22       0       0       0       0
      Temps:          0       3       0       0       0       0
      Totals:         0      25       0       0       0       0
Total ram usage:       25 bytes
 Hardware stack levels required when called:    5
 This function calls:
		___atdiv
		___awdiv
		___awmod
		___tmul
		___wmul
		_abs
		_cos
		_deltaT
		_initADC
		_initBT
		_initCOMP1
		_initCOMP2
		_initFVR
		_initMessaging
		_initPWMTMR4
		_initPins
		_initTMR1
		_readCurrent
		_readVdd
		_readVoltage
		_sendInt24
		_sendUInt8
		_setLED
		_setUnit
		_setVal
		_sin
 This function is called by:
		Startup code after reset
 This function uses a non-reentrant model


 *************** function _setVal *****************
 Defined at:
		line 633 in file "powerspy.c"
 Parameters:    Size  Location     Type
  v               2   38[BANK0 ] short 
 Auto vars:     Size  Location     Type
  i               1   41[BANK0 ] char 
 Return value:  Size  Location     Type
                  1    wreg      void 
 Registers used:
		wreg, fsr0l, fsr0h, status,2, status,0, pclath, cstack
 Tracked objects:
		On entry : 
		On exit  : 
		Unchanged: 
 Data sizes:     COMMON   BANK0   BANK1   BANK2   BANK3   BANK4
      Params:         0       2       0       0       0       0
      Locals:         0       1       0       0       0       0
      Temps:          0       1       0       0       0       0
      Totals:         0       4       0       0       0       0
Total ram usage:        4 bytes
 Hardware stack levels used:    1
 Hardware stack levels required when called:    2
 This function calls:
		___awdiv
		___awmod
		_so
 This function is called by:
		_main
 This function uses a non-reentrant model


 *************** function ___awmod *****************
 Defined at:
		line 6 in file "/Applications/microchip/xc8/v1.37/sources/common/awmod.c"
 Parameters:    Size  Location     Type
  divisor         2    2[COMMON] int 
  dividend        2    4[COMMON] int 
 Auto vars:     Size  Location     Type
  sign            1    8[COMMON] unsigned char 
  counter         1    7[COMMON] unsigned char 
 Return value:  Size  Location     Type
                  2    2[COMMON] int 
 Registers used:
		wreg, status,2, status,0
 Tracked objects:
		On entry : 
		On exit  : 
		Unchanged: 
 Data sizes:     COMMON   BANK0   BANK1   BANK2   BANK3   BANK4
      Params:         4       0       0       0       0       0
      Locals:         2       0       0       0       0       0
      Temps:          1       0       0       0       0       0
      Totals:         7       0       0       0       0       0
Total ram usage:        7 bytes
 Hardware stack levels used:    1
 Hardware stack levels required when called:    1
 This function calls:
		Nothing
 This function is called by:
		_setVal
		_main
 This function uses a non-reentrant model


 *************** function ___awdiv *****************
 Defined at:
		line 6 in file "/Applications/microchip/xc8/v1.37/sources/common/awdiv.c"
 Parameters:    Size  Location     Type
  divisor         2   29[BANK0 ] int 
  dividend        2   31[BANK0 ] int 
 Auto vars:     Size  Location     Type
  quotient        2   36[BANK0 ] int 
  sign            1   35[BANK0 ] unsigned char 
  counter         1   34[BANK0 ] unsigned char 
 Return value:  Size  Location     Type
                  2   29[BANK0 ] int 
 Registers used:
		wreg, status,2, status,0
 Tracked objects:
		On entry : 
		On exit  : 
		Unchanged: 
 Data sizes:     COMMON   BANK0   BANK1   BANK2   BANK3   BANK4
      Params:         0       4       0       0       0       0
      Locals:         0       4       0       0       0       0
      Temps:          0       1       0       0       0       0
      Totals:         0       9       0       0       0       0
Total ram usage:        9 bytes
 Hardware stack levels used:    1
 Hardware stack levels required when called:    1
 This function calls:
		Nothing
 This function is called by:
		_setVal
		_main
 This function uses a non-reentrant model


 *************** function _setUnit *****************
 Defined at:
		line 626 in file "powerspy.c"
 Parameters:    Size  Location     Type
  u               3    5[COMMON] unsigned um
 Auto vars:     Size  Location     Type
		None
 Return value:  Size  Location     Type
                  1    wreg      void 
 Registers used:
		wreg, status,2, status,0, pclath, cstack
 Tracked objects:
		On entry : 
		On exit  : 
		Unchanged: 
 Data sizes:     COMMON   BANK0   BANK1   BANK2   BANK3   BANK4
      Params:         3       0       0       0       0       0
      Locals:         0       0       0       0       0       0
      Temps:          0       3       0       0       0       0
      Totals:         3       3       0       0       0       0
Total ram usage:        6 bytes
 Hardware stack levels used:    1
 Hardware stack levels required when called:    2
 This function calls:
		_so
 This function is called by:
		_main
 This function uses a non-reentrant model


 *************** function _so *****************
 Defined at:
		line 478 in file "powerspy.c"
 Parameters:    Size  Location     Type
  data            1    wreg     const unsigned char 
 Auto vars:     Size  Location     Type
  data            1    3[COMMON] const unsigned char 
  c               1    4[COMMON] unsigned char 
 Return value:  Size  Location     Type
                  1    wreg      void 
 Registers used:
		wreg, status,2, status,0
 Tracked objects:
		On entry : 
		On exit  : 
		Unchanged: 
 Data sizes:     COMMON   BANK0   BANK1   BANK2   BANK3   BANK4
      Params:         0       0       0       0       0       0
      Locals:         2       0       0       0       0       0
      Temps:          1       0       0       0       0       0
      Totals:         3       0       0       0       0       0
Total ram usage:        3 bytes
 Hardware stack levels used:    1
 Hardware stack levels required when called:    1
 This function calls:
		Nothing
 This function is called by:
		_setUnit
		_setVal
		_clearDisplay
		_setNr
 This function uses a non-reentrant model


 *************** function _setLED *****************
 Defined at:
		line 618 in file "powerspy.c"
 Parameters:    Size  Location     Type
  g               1    wreg     unsigned char 
  r               1    3[COMMON] unsigned char 
  b               1    4[COMMON] unsigned char 
 Auto vars:     Size  Location     Type
  g               1    5[COMMON] unsigned char 
 Return value:  Size  Location     Type
                  1    wreg      void 
 Registers used:
		wreg, status,2, status,0, pclath, cstack
 Tracked objects:
		On entry : 
		On exit  : 
		Unchanged: 
 Data sizes:     COMMON   BANK0   BANK1   BANK2   BANK3   BANK4
      Params:         2       0       0       0       0       0
      Locals:         1       0       0       0       0       0
      Temps:          0       0       0       0       0       0
      Totals:         3       0       0       0       0       0
Total ram usage:        3 bytes
 Hardware stack levels used:    1
 Hardware stack levels required when called:    2
 This function calls:
		_sendColour
 This function is called by:
		_main
 This function uses a non-reentrant model


 *************** function _sendColour *****************
 Defined at:
		line 520 in file "powerspy.c"
 Parameters:    Size  Location     Type
  c               1    wreg     unsigned char 
 Auto vars:     Size  Location     Type
  c               1    2[COMMON] unsigned char 
 Return value:  Size  Location     Type
                  1    wreg      void 
 Registers used:
		wreg
 Tracked objects:
		On entry : 
		On exit  : 
		Unchanged: 
 Data sizes:     COMMON   BANK0   BANK1   BANK2   BANK3   BANK4
      Params:         0       0       0       0       0       0
      Locals:         1       0       0       0       0       0
      Temps:          0       0       0       0       0       0
      Totals:         1       0       0       0       0       0
Total ram usage:        1 bytes
 Hardware stack levels used:    1
 Hardware stack levels required when called:    1
 This function calls:
		Nothing
 This function is called by:
		_setLED
 This function uses a non-reentrant model


 *************** function _sendUInt8 *****************
 Defined at:
		line 200 in file "message.c"
 Parameters:    Size  Location     Type
  i               1    wreg     unsigned char 
 Auto vars:     Size  Location     Type
  i               1    5[COMMON] unsigned char 
 Return value:  Size  Location     Type
                  1    wreg      void 
 Registers used:
		wreg, status,2, status,0, pclath, cstack
 Tracked objects:
		On entry : 
		On exit  : 
		Unchanged: 
 Data sizes:     COMMON   BANK0   BANK1   BANK2   BANK3   BANK4
      Params:         0       0       0       0       0       0
      Locals:         1       0       0       0       0       0
      Temps:          0       0       0       0       0       0
      Totals:         1       0       0       0       0       0
Total ram usage:        1 bytes
 Hardware stack levels used:    1
 Hardware stack levels required when called:    2
 This function calls:
		__sendchar_
 This function is called by:
		_main
 This function uses a non-reentrant model


 *************** function _sendInt24 *****************
 Defined at:
		line 181 in file "message.c"
 Parameters:    Size  Location     Type
  i               3    5[COMMON] m
 Auto vars:     Size  Location     Type
		None
 Return value:  Size  Location     Type
                  1    wreg      void 
 Registers used:
		wreg, status,2, status,0, pclath, cstack
 Tracked objects:
		On entry : 
		On exit  : 
		Unchanged: 
 Data sizes:     COMMON   BANK0   BANK1   BANK2   BANK3   BANK4
      Params:         3       0       0       0       0       0
      Locals:         0       0       0       0       0       0
      Temps:          0       4       0       0       0       0
      Totals:         3       4       0       0       0       0
Total ram usage:        7 bytes
 Hardware stack levels used:    1
 Hardware stack levels required when called:    2
 This function calls:
		__sendchar_
 This function is called by:
		_main
 This function uses a non-reentrant model


 *************** function __sendchar_ *****************
 Defined at:
		line 159 in file "message.c"
 Parameters:    Size  Location     Type
  c               1    wreg     unsigned char 
 Auto vars:     Size  Location     Type
  c               1    4[COMMON] unsigned char 
 Return value:  Size  Location     Type
                  1    wreg      void 
 Registers used:
		wreg
 Tracked objects:
		On entry : 
		On exit  : 
		Unchanged: 
 Data sizes:     COMMON   BANK0   BANK1   BANK2   BANK3   BANK4
      Params:         0       0       0       0       0       0
      Locals:         1       0       0       0       0       0
      Temps:          2       0       0       0       0       0
      Totals:         3       0       0       0       0       0
Total ram usage:        3 bytes
 Hardware stack levels used:    1
 Hardware stack levels required when called:    1
 This function calls:
		Nothing
 This function is called by:
		_sendInt24
		_sendUInt8
		_sendInt8
		_sendInt16
		_sendInt32
		_sendUInt16
		_sendUInt24
		_sendUInt32
		_sendFloat
		_sendString
 This function uses a non-reentrant model


 *************** function _readVoltage *****************
 Defined at:
		line 433 in file "powerspy.c"
 Parameters:    Size  Location     Type
		None
 Auto vars:     Size  Location     Type
		None
 Return value:  Size  Location     Type
                  1    wreg      unsigned char 
 Registers used:
		wreg
 Tracked objects:
		On entry : 
		On exit  : 
		Unchanged: 
 Data sizes:     COMMON   BANK0   BANK1   BANK2   BANK3   BANK4
      Params:         0       0       0       0       0       0
      Locals:         0       0       0       0       0       0
      Temps:          0       0       0       0       0       0
      Totals:         0       0       0       0       0       0
Total ram usage:        0 bytes
 Hardware stack levels used:    1
 Hardware stack levels required when called:    1
 This function calls:
		Nothing
 This function is called by:
		_main
 This function uses a non-reentrant model


 *************** function _readVdd *****************
 Defined at:
		line 460 in file "powerspy.c"
 Parameters:    Size  Location     Type
		None
 Auto vars:     Size  Location     Type
		None
 Return value:  Size  Location     Type
                  2    4[COMMON] unsigned short 
 Registers used:
		wreg, status,2, status,0, pclath, cstack
 Tracked objects:
		On entry : 
		On exit  : 
		Unchanged: 
 Data sizes:     COMMON   BANK0   BANK1   BANK2   BANK3   BANK4
      Params:         2       0       0       0       0       0
      Locals:         0       0       0       0       0       0
      Temps:          2       0       0       0       0       0
      Totals:         4       0       0       0       0       0
Total ram usage:        4 bytes
 Hardware stack levels used:    1
 Hardware stack levels required when called:    2
 This function calls:
		_adc
 This function is called by:
		_main
 This function uses a non-reentrant model


 *************** function _readCurrent *****************
 Defined at:
		line 443 in file "powerspy.c"
 Parameters:    Size  Location     Type
		None
 Auto vars:     Size  Location     Type
		None
 Return value:  Size  Location     Type
                  3   25[BANK0 ] m
 Registers used:
		wreg, status,2, status,0, pclath, cstack
 Tracked objects:
		On entry : 
		On exit  : 
		Unchanged: 
 Data sizes:     COMMON   BANK0   BANK1   BANK2   BANK3   BANK4
      Params:         0       3       0       0       0       0
      Locals:         0       0       0       0       0       0
      Temps:          0       6       0       0       0       0
      Totals:         0       9       0       0       0       0
Total ram usage:        9 bytes
 Hardware stack levels used:    1
 Hardware stack levels required when called:    2
 This function calls:
		___atdiv
		___tmul
		___wmul
		_adc
 This function is called by:
		_main
 This function uses a non-reentrant model


 *************** function _adc *****************
 Defined at:
		line 389 in file "powerspy.c"
 Parameters:    Size  Location     Type
  src             1    wreg     const char 
 Auto vars:     Size  Location     Type
  src             1    3[COMMON] const char 
 Return value:  Size  Location     Type
                  1    wreg      void 
 Registers used:
		wreg, status,2, status,0
 Tracked objects:
		On entry : 
		On exit  : 
		Unchanged: 
 Data sizes:     COMMON   BANK0   BANK1   BANK2   BANK3   BANK4
      Params:         0       0       0       0       0       0
      Locals:         1       0       0       0       0       0
      Temps:          1       0       0       0       0       0
      Totals:         2       0       0       0       0       0
Total ram usage:        2 bytes
 Hardware stack levels used:    1
 Hardware stack levels required when called:    1
 This function calls:
		Nothing
 This function is called by:
		_readCurrent
		_readVdd
 This function uses a non-reentrant model


 *************** function ___wmul *****************
 Defined at:
		line 15 in file "/Applications/microchip/xc8/v1.37/sources/common/Umul16.c"
 Parameters:    Size  Location     Type
  multiplier      2    0[BANK0 ] unsigned int 
  multiplicand    2    2[BANK0 ] unsigned int 
 Auto vars:     Size  Location     Type
  product         2    8[COMMON] unsigned int 
 Return value:  Size  Location     Type
                  2    0[BANK0 ] unsigned int 
 Registers used:
		wreg, status,2, status,0
 Tracked objects:
		On entry : 
		On exit  : 
		Unchanged: 
 Data sizes:     COMMON   BANK0   BANK1   BANK2   BANK3   BANK4
      Params:         0       4       0       0       0       0
      Locals:         2       0       0       0       0       0
      Temps:          0       0       0       0       0       0
      Totals:         2       4       0       0       0       0
Total ram usage:        6 bytes
 Hardware stack levels used:    1
 Hardware stack levels required when called:    1
 This function calls:
		Nothing
 This function is called by:
		_readCurrent
		_main
 This function uses a non-reentrant model


 *************** function ___tmul *****************
 Defined at:
		line 15 in file "/Applications/microchip/xc8/v1.37/sources/common/Umul24.c"
 Parameters:    Size  Location     Type
  multiplier      3    4[BANK0 ] unsigned um
  multiplicand    3    7[BANK0 ] unsigned um
 Auto vars:     Size  Location     Type
  product         3   10[BANK0 ] unsigned um
 Return value:  Size  Location     Type
                  3    4[BANK0 ] unsigned um
 Registers used:
		wreg, status,2, status,0
 Tracked objects:
		On entry : 
		On exit  : 
		Unchanged: 
 Data sizes:     COMMON   BANK0   BANK1   BANK2   BANK3   BANK4
      Params:         0       6       0       0       0       0
      Locals:         0       3       0       0       0       0
      Temps:          0       0       0       0       0       0
      Totals:         0       9       0       0       0       0
Total ram usage:        9 bytes
 Hardware stack levels used:    1
 Hardware stack levels required when called:    1
 This function calls:
		Nothing
 This function is called by:
		_readCurrent
		_main
 This function uses a non-reentrant model


 *************** function ___atdiv *****************
 Defined at:
		line 6 in file "/Applications/microchip/xc8/v1.37/sources/common/atdiv.c"
 Parameters:    Size  Location     Type
  divisor         3   13[BANK0 ] m
  dividend        3   16[BANK0 ] m
 Auto vars:     Size  Location     Type
  quotient        3   22[BANK0 ] m
  sign            1   21[BANK0 ] unsigned char 
  counter         1   20[BANK0 ] unsigned char 
 Return value:  Size  Location     Type
                  3   13[BANK0 ] m
 Registers used:
		wreg, status,2, status,0
 Tracked objects:
		On entry : 
		On exit  : 
		Unchanged: 
 Data sizes:     COMMON   BANK0   BANK1   BANK2   BANK3   BANK4
      Params:         0       6       0       0       0       0
      Locals:         0       5       0       0       0       0
      Temps:          0       1       0       0       0       0
      Totals:         0      12       0       0       0       0
Total ram usage:       12 bytes
 Hardware stack levels used:    1
 Hardware stack levels required when called:    1
 This function calls:
		Nothing
 This function is called by:
		_readCurrent
		_main
 This function uses a non-reentrant model


 *************** function _initTMR1 *****************
 Defined at:
		line 167 in file "powerspy.c"
 Parameters:    Size  Location     Type
		None
 Auto vars:     Size  Location     Type
		None
 Return value:  Size  Location     Type
                  1    wreg      void 
 Registers used:
		None
 Tracked objects:
		On entry : 
		On exit  : 
		Unchanged: 
 Data sizes:     COMMON   BANK0   BANK1   BANK2   BANK3   BANK4
      Params:         0       0       0       0       0       0
      Locals:         0       0       0       0       0       0
      Temps:          0       0       0       0       0       0
      Totals:         0       0       0       0       0       0
Total ram usage:        0 bytes
 Hardware stack levels used:    1
 Hardware stack levels required when called:    1
 This function calls:
		Nothing
 This function is called by:
		_main
 This function uses a non-reentrant model


 *************** function _initPins *****************
 Defined at:
		line 64 in file "powerspy.c"
 Parameters:    Size  Location     Type
		None
 Auto vars:     Size  Location     Type
		None
 Return value:  Size  Location     Type
                  1    wreg      void 
 Registers used:
		wreg, status,2
 Tracked objects:
		On entry : 
		On exit  : 
		Unchanged: 
 Data sizes:     COMMON   BANK0   BANK1   BANK2   BANK3   BANK4
      Params:         0       0       0       0       0       0
      Locals:         0       0       0       0       0       0
      Temps:          0       0       0       0       0       0
      Totals:         0       0       0       0       0       0
Total ram usage:        0 bytes
 Hardware stack levels used:    1
 Hardware stack levels required when called:    1
 This function calls:
		Nothing
 This function is called by:
		_main
 This function uses a non-reentrant model


 *************** function _initPWMTMR4 *****************
 Defined at:
		line 223 in file "powerspy.c"
 Parameters:    Size  Location     Type
		None
 Auto vars:     Size  Location     Type
		None
 Return value:  Size  Location     Type
                  1    wreg      void 
 Registers used:
		wreg, status,2, status,0
 Tracked objects:
		On entry : 
		On exit  : 
		Unchanged: 
 Data sizes:     COMMON   BANK0   BANK1   BANK2   BANK3   BANK4
      Params:         0       0       0       0       0       0
      Locals:         0       0       0       0       0       0
      Temps:          1       0       0       0       0       0
      Totals:         1       0       0       0       0       0
Total ram usage:        1 bytes
 Hardware stack levels used:    1
 Hardware stack levels required when called:    1
 This function calls:
		Nothing
 This function is called by:
		_main
 This function uses a non-reentrant model


 *************** function _initMessaging *****************
 Defined at:
		line 16 in file "message.c"
 Parameters:    Size  Location     Type
		None
 Auto vars:     Size  Location     Type
		None
 Return value:  Size  Location     Type
                  1    wreg      void 
 Registers used:
		status,2
 Tracked objects:
		On entry : 
		On exit  : 
		Unchanged: 
 Data sizes:     COMMON   BANK0   BANK1   BANK2   BANK3   BANK4
      Params:         0       0       0       0       0       0
      Locals:         0       0       0       0       0       0
      Temps:          0       0       0       0       0       0
      Totals:         0       0       0       0       0       0
Total ram usage:        0 bytes
 Hardware stack levels used:    1
 Hardware stack levels required when called:    1
 This function calls:
		Nothing
 This function is called by:
		_main
 This function uses a non-reentrant model


 *************** function _initFVR *****************
 Defined at:
		line 197 in file "powerspy.c"
 Parameters:    Size  Location     Type
		None
 Auto vars:     Size  Location     Type
		None
 Return value:  Size  Location     Type
                  1    wreg      void 
 Registers used:
		None
 Tracked objects:
		On entry : 
		On exit  : 
		Unchanged: 
 Data sizes:     COMMON   BANK0   BANK1   BANK2   BANK3   BANK4
      Params:         0       0       0       0       0       0
      Locals:         0       0       0       0       0       0
      Temps:          0       0       0       0       0       0
      Totals:         0       0       0       0       0       0
Total ram usage:        0 bytes
 Hardware stack levels used:    1
 Hardware stack levels required when called:    1
 This function calls:
		Nothing
 This function is called by:
		_main
 This function uses a non-reentrant model


 *************** function _initCOMP2 *****************
 Defined at:
		line 317 in file "powerspy.c"
 Parameters:    Size  Location     Type
		None
 Auto vars:     Size  Location     Type
		None
 Return value:  Size  Location     Type
                  1    wreg      void 
 Registers used:
		None
 Tracked objects:
		On entry : 
		On exit  : 
		Unchanged: 
 Data sizes:     COMMON   BANK0   BANK1   BANK2   BANK3   BANK4
      Params:         0       0       0       0       0       0
      Locals:         0       0       0       0       0       0
      Temps:          0       0       0       0       0       0
      Totals:         0       0       0       0       0       0
Total ram usage:        0 bytes
 Hardware stack levels used:    1
 Hardware stack levels required when called:    1
 This function calls:
		Nothing
 This function is called by:
		_main
 This function uses a non-reentrant model


 *************** function _initCOMP1 *****************
 Defined at:
		line 283 in file "powerspy.c"
 Parameters:    Size  Location     Type
		None
 Auto vars:     Size  Location     Type
		None
 Return value:  Size  Location     Type
                  1    wreg      void 
 Registers used:
		None
 Tracked objects:
		On entry : 
		On exit  : 
		Unchanged: 
 Data sizes:     COMMON   BANK0   BANK1   BANK2   BANK3   BANK4
      Params:         0       0       0       0       0       0
      Locals:         0       0       0       0       0       0
      Temps:          0       0       0       0       0       0
      Totals:         0       0       0       0       0       0
Total ram usage:        0 bytes
 Hardware stack levels used:    1
 Hardware stack levels required when called:    1
 This function calls:
		Nothing
 This function is called by:
		_main
 This function uses a non-reentrant model


 *************** function _initBT *****************
 Defined at:
		line 350 in file "powerspy.c"
 Parameters:    Size  Location     Type
		None
 Auto vars:     Size  Location     Type
		None
 Return value:  Size  Location     Type
                  1    wreg      void 
 Registers used:
		wreg
 Tracked objects:
		On entry : 
		On exit  : 
		Unchanged: 
 Data sizes:     COMMON   BANK0   BANK1   BANK2   BANK3   BANK4
      Params:         0       0       0       0       0       0
      Locals:         0       0       0       0       0       0
      Temps:          0       0       0       0       0       0
      Totals:         0       0       0       0       0       0
Total ram usage:        0 bytes
 Hardware stack levels used:    1
 Hardware stack levels required when called:    1
 This function calls:
		Nothing
 This function is called by:
		_main
 This function uses a non-reentrant model


 *************** function _initADC *****************
 Defined at:
		line 98 in file "powerspy.c"
 Parameters:    Size  Location     Type
		None
 Auto vars:     Size  Location     Type
		None
 Return value:  Size  Location     Type
                  1    wreg      void 
 Registers used:
		None
 Tracked objects:
		On entry : 
		On exit  : 
		Unchanged: 
 Data sizes:     COMMON   BANK0   BANK1   BANK2   BANK3   BANK4
      Params:         0       0       0       0       0       0
      Locals:         0       0       0       0       0       0
      Temps:          0       0       0       0       0       0
      Totals:         0       0       0       0       0       0
Total ram usage:        0 bytes
 Hardware stack levels used:    1
 Hardware stack levels required when called:    1
 This function calls:
		Nothing
 This function is called by:
		_main
 This function uses a non-reentrant model


 *************** function _deltaT *****************
 Defined at:
		line 555 in file "powerspy.c"
 Parameters:    Size  Location     Type
  tm_low          2    2[COMMON] unsigned short 
  tm_high         2    4[COMMON] unsigned short 
 Auto vars:     Size  Location     Type
		None
 Return value:  Size  Location     Type
                  2    2[COMMON] unsigned short 
 Registers used:
		wreg, status,2, status,0
 Tracked objects:
		On entry : 
		On exit  : 
		Unchanged: 
 Data sizes:     COMMON   BANK0   BANK1   BANK2   BANK3   BANK4
      Params:         4       0       0       0       0       0
      Locals:         0       0       0       0       0       0
      Temps:          4       0       0       0       0       0
      Totals:         8       0       0       0       0       0
Total ram usage:        8 bytes
 Hardware stack levels used:    1
 Hardware stack levels required when called:    1
 This function calls:
		Nothing
 This function is called by:
		_main
 This function uses a non-reentrant model


 *************** function _cos *****************
 Defined at:
		line 597 in file "powerspy.c"
 Parameters:    Size  Location     Type
  us              2    2[BANK0 ] short 
 Auto vars:     Size  Location     Type
		None
 Return value:  Size  Location     Type
                  1    wreg      char 
 Registers used:
		wreg, status,2, status,0, pclath, cstack
 Tracked objects:
		On entry : 
		On exit  : 
		Unchanged: 
 Data sizes:     COMMON   BANK0   BANK1   BANK2   BANK3   BANK4
      Params:         0       2       0       0       0       0
      Locals:         0       0       0       0       0       0
      Temps:          0       0       0       0       0       0
      Totals:         0       2       0       0       0       0
Total ram usage:        2 bytes
 Hardware stack levels used:    1
 Hardware stack levels required when called:    4
 This function calls:
		_sin
 This function is called by:
		_main
 This function uses a non-reentrant model


 *************** function _sin *****************
 Defined at:
		line 570 in file "powerspy.c"
 Parameters:    Size  Location     Type
  z               2    7[COMMON] short 
 Auto vars:     Size  Location     Type
  buff            2    0[BANK0 ] short 
 Return value:  Size  Location     Type
                  1    wreg      char 
 Registers used:
		wreg, status,2, status,0, pclath, cstack
 Tracked objects:
		On entry : 
		On exit  : 
		Unchanged: 
 Data sizes:     COMMON   BANK0   BANK1   BANK2   BANK3   BANK4
      Params:         2       0       0       0       0       0
      Locals:         0       2       0       0       0       0
      Temps:          1       0       0       0       0       0
      Totals:         3       2       0       0       0       0
Total ram usage:        5 bytes
 Hardware stack levels used:    1
 Hardware stack levels required when called:    3
 This function calls:
		_sin_
 This function is called by:
		_cos
		_main
 This function uses a non-reentrant model


 *************** function _sin_ *****************
 Defined at:
		line 563 in file "powerspy.c"
 Parameters:    Size  Location     Type
  z               1    wreg     char 
 Auto vars:     Size  Location     Type
  z               1    6[COMMON] char 
 Return value:  Size  Location     Type
                  1    wreg      char 
 Registers used:
		wreg, status,2, status,0, pclath, cstack
 Tracked objects:
		On entry : 
		On exit  : 
		Unchanged: 
 Data sizes:     COMMON   BANK0   BANK1   BANK2   BANK3   BANK4
      Params:         0       0       0       0       0       0
      Locals:         1       0       0       0       0       0
      Temps:          0       0       0       0       0       0
      Totals:         1       0       0       0       0       0
Total ram usage:        1 bytes
 Hardware stack levels used:    1
 Hardware stack levels required when called:    2
 This function calls:
		_eeprom_read
 This function is called by:
		_sin
 This function uses a non-reentrant model


 *************** function _eeprom_read *****************
 Defined at:
		line 6 in file "/Applications/microchip/xc8/v1.37/sources/pic/eeread.c"
 Parameters:    Size  Location     Type
  addr            1    wreg     unsigned char 
 Auto vars:     Size  Location     Type
  addr            1    5[COMMON] unsigned char 
 Return value:  Size  Location     Type
                  1    wreg      unsigned char 
 Registers used:
		wreg, status,2, status,0
 Tracked objects:
		On entry : 
		On exit  : 
		Unchanged: 
 Data sizes:     COMMON   BANK0   BANK1   BANK2   BANK3   BANK4
      Params:         0       0       0       0       0       0
      Locals:         1       0       0       0       0       0
      Temps:          3       0       0       0       0       0
      Totals:         4       0       0       0       0       0
Total ram usage:        4 bytes
 Hardware stack levels used:    1
 Hardware stack levels required when called:    1
 This function calls:
		Nothing
 This function is called by:
		_sin_
 This function uses a non-reentrant model


 *************** function _abs *****************
 Defined at:
		line 4 in file "/Applications/microchip/xc8/v1.37/sources/common/abs.c"
 Parameters:    Size  Location     Type
  a               2   25[BANK0 ] int 
 Auto vars:     Size  Location     Type
		None
 Return value:  Size  Location     Type
                  2   25[BANK0 ] int 
 Registers used:
		wreg, status,2, status,0
 Tracked objects:
		On entry : 
		On exit  : 
		Unchanged: 
 Data sizes:     COMMON   BANK0   BANK1   BANK2   BANK3   BANK4
      Params:         0       2       0       0       0       0
      Locals:         0       0       0       0       0       0
      Temps:          0       2       0       0       0       0
      Totals:         0       4       0       0       0       0
Total ram usage:        4 bytes
 Hardware stack levels used:    1
 Hardware stack levels required when called:    1
 This function calls:
		Nothing
 This function is called by:
		_main
 This function uses a non-reentrant model


 *************** function _ISR *****************
 Defined at:
		line 642 in file "powerspy.c"
 Parameters:    Size  Location     Type
		None
 Auto vars:     Size  Location     Type
		None
 Return value:  Size  Location     Type
                  1    wreg      void 
 Registers used:
		wreg, fsr1l, fsr1h, status,2, status,0
 Tracked objects:
		On entry : 
		On exit  : 
		Unchanged: 
 Data sizes:     COMMON   BANK0   BANK1   BANK2   BANK3   BANK4
      Params:         0       0       0       0       0       0
      Locals:         0       0       0       0       0       0
      Temps:          2       0       0       0       0       0
      Totals:         2       0       0       0       0       0
Total ram usage:        2 bytes
 Hardware stack levels used:    1
 This function calls:
		Nothing
 This function is called by:
		Interrupt level 1
 This function uses a non-reentrant model



MODULE INFORMATION

Module		Function		Class		Link	Load	Size
/Applications/microchip/xc8/v1.37/sources/common/awdiv.c
		___awdiv       		CODE           	051D	0000	83

/Applications/microchip/xc8/v1.37/sources/common/awdiv.c estimated size: 83

/Applications/microchip/xc8/v1.37/sources/common/atdiv.c
		___atdiv       		CODE           	0452	0000	108

/Applications/microchip/xc8/v1.37/sources/common/atdiv.c estimated size: 108

/Applications/microchip/xc8/v1.37/sources/common/abs.c
		_abs           		CODE           	0FF1	0000	16

/Applications/microchip/xc8/v1.37/sources/common/abs.c estimated size: 16

message.c
		_sendInt24     		CODE           	068A	0000	51
		__sendchar_    		CODE           	07E2	0000	17
		_sendUInt8     		CODE           	07F2	0000	14
		_initMessaging 		CODE           	0FA9	0000	7

message.c estimated size: 89

/Applications/microchip/xc8/v1.37/sources/pic/eeread.c
		_eeprom_read   		CODE           	078E	0000	25

/Applications/microchip/xc8/v1.37/sources/pic/eeread.c estimated size: 25

/Applications/microchip/xc8/v1.37/sources/common/Umul16.c
		___wmul        		CODE           	0772	0000	29

/Applications/microchip/xc8/v1.37/sources/common/Umul16.c estimated size: 29

powerspy.c
		_initFVR       		CODE           	0FAF	0000	10
		_ISR           		CODE           	0004	0000	82
		_readVdd       		CODE           	07BD	0000	20
		_setLED        		CODE           	07D0	0000	19
		_sin           		CODE           	04BD	0000	97
		_initBT        		CODE           	07A6	0000	24
		_main          		CODE           	007F	0000	709
		_initTMR1      		CODE           	0FCC	0000	12
		_sin_          		CODE           	0FA4	0000	6
		_cos           		CODE           	0FB8	0000	11
		_readCurrent   		CODE           	056F	0000	82
		_deltaT        		CODE           	06BC	0000	43
		_adc           		CODE           	05C0	0000	82
		_readVoltage   		CODE           	0002	0000	3
		_initPins      		CODE           	0733	0000	33
		_setUnit       		CODE           	070D	0000	39
		_so            		CODE           	03E5	0000	110
		_setVal        		CODE           	0656	0000	53
		_initADC       		CODE           	0FC2	0000	11
		_initCOMP1     		CODE           	0FD7	0000	14
		_initCOMP2     		CODE           	0FE4	0000	14
		_initPWMTMR4   		CODE           	0753	0000	32
		_sendColour    		CODE           	0343	0000	163

powerspy.c estimated size: 1669

shared
		__initialization		CODE           	0057	0000	37
		_get_shift_byte		STRCODE        	07FF	0000	11

shared estimated size: 48

/Applications/microchip/xc8/v1.37/sources/common/awmod.c
		___awmod       		CODE           	0611	0000	70

/Applications/microchip/xc8/v1.37/sources/common/awmod.c estimated size: 70

/Applications/microchip/xc8/v1.37/sources/common/Umul24.c
		___tmul        		CODE           	06E6	0000	40

/Applications/microchip/xc8/v1.37/sources/common/Umul24.c estimated size: 40

